Component: Arm Compiler for Embedded 6.21 Tool: armlink [5ec1fa00]

==============================================================================

Section Cross References

    startup_stm32g030xx.o(STACK) refers (Special) to heapauxi.o(.text) for __use_two_region_memory
    startup_stm32g030xx.o(HEAP) refers (Special) to heapauxi.o(.text) for __use_two_region_memory
    startup_stm32g030xx.o(RESET) refers (Special) to heapauxi.o(.text) for __use_two_region_memory
    startup_stm32g030xx.o(RESET) refers to startup_stm32g030xx.o(STACK) for __initial_sp
    startup_stm32g030xx.o(RESET) refers to startup_stm32g030xx.o(.text) for Reset_Handler
    startup_stm32g030xx.o(RESET) refers to stm32g0xx_it.o(.text.NMI_Handler) for NMI_Handler
    startup_stm32g030xx.o(RESET) refers to stm32g0xx_it.o(.text.HardFault_Handler) for HardFault_Handler
    startup_stm32g030xx.o(RESET) refers to stm32g0xx_it.o(.text.SVC_Handler) for SVC_Handler
    startup_stm32g030xx.o(RESET) refers to stm32g0xx_it.o(.text.PendSV_Handler) for PendSV_Handler
    startup_stm32g030xx.o(RESET) refers to stm32g0xx_it.o(.text.SysTick_Handler) for SysTick_Handler
    startup_stm32g030xx.o(RESET) refers to stm32g0xx_it.o(.text.ADC1_IRQHandler) for ADC1_IRQHandler
    startup_stm32g030xx.o(RESET) refers to stm32g0xx_it.o(.text.USART1_IRQHandler) for USART1_IRQHandler
    startup_stm32g030xx.o(.text) refers (Special) to heapauxi.o(.text) for __use_two_region_memory
    startup_stm32g030xx.o(.text) refers to system_stm32g0xx.o(.text.SystemInit) for SystemInit
    startup_stm32g030xx.o(.text) refers to __main.o(!!!main) for __main
    startup_stm32g030xx.o(.text) refers to startup_stm32g030xx.o(HEAP) for Heap_Mem
    startup_stm32g030xx.o(.text) refers to startup_stm32g030xx.o(STACK) for Stack_Mem
    main.o(.text.tsp_ln) refers to daddsub.o(.text) for __aeabi_dsub
    main.o(.text.tsp_ln) refers to ddiv.o(.text) for __aeabi_ddiv
    main.o(.text.tsp_ln) refers to dmul.o(.text) for __aeabi_dmul
    main.o(.text.tsp_ln) refers to dflti.o(.text) for __aeabi_i2d
    main.o(.ARM.exidx.text.tsp_ln) refers to main.o(.text.tsp_ln) for [Anonymous Symbol]
    main.o(.text.DisplayCallback) refers to stm32g0xx_hal.o(.text.HAL_GetTick) for HAL_GetTick
    main.o(.text.DisplayCallback) refers to aeabi_sdiv.o(.text) for __aeabi_uidiv
    main.o(.text.DisplayCallback) refers to main.o(.text.select_digit) for select_digit
    main.o(.text.DisplayCallback) refers to main.o(.text.write_segment) for write_segment
    main.o(.text.DisplayCallback) refers to main.o(.bss.stuid_cplt) for stuid_cplt
    main.o(.text.DisplayCallback) refers to main.o(.data.dig_array) for dig_array
    main.o(.text.DisplayCallback) refers to main.o(.rodata.seg_table) for seg_table
    main.o(.ARM.exidx.text.DisplayCallback) refers to main.o(.text.DisplayCallback) for [Anonymous Symbol]
    main.o(.text.select_digit) refers to stm32g0xx_hal_gpio.o(.text.HAL_GPIO_WritePin) for HAL_GPIO_WritePin
    main.o(.ARM.exidx.text.select_digit) refers to main.o(.text.select_digit) for [Anonymous Symbol]
    main.o(.text.write_segment) refers to stm32g0xx_hal_gpio.o(.text.HAL_GPIO_WritePin) for HAL_GPIO_WritePin
    main.o(.ARM.exidx.text.write_segment) refers to main.o(.text.write_segment) for [Anonymous Symbol]
    main.o(.text.DisplayDigitFLOAT) refers to aeabi_sdiv.o(.text) for __aeabi_uidivmod
    main.o(.text.DisplayDigitFLOAT) refers to main.o(.data.dig_array) for dig_array
    main.o(.ARM.exidx.text.DisplayDigitFLOAT) refers to main.o(.text.DisplayDigitFLOAT) for [Anonymous Symbol]
    main.o(.text.HAL_ADC_ConvCpltCallback) refers to stm32g0xx_hal_adc.o(.text.HAL_ADC_GetState) for HAL_ADC_GetState
    main.o(.text.HAL_ADC_ConvCpltCallback) refers to stm32g0xx_hal_adc.o(.text.HAL_ADC_GetValue) for HAL_ADC_GetValue
    main.o(.text.HAL_ADC_ConvCpltCallback) refers to main.o(.text.tsp_ResistanceToTemperature) for tsp_ResistanceToTemperature
    main.o(.text.HAL_ADC_ConvCpltCallback) refers to aeabi_sdiv.o(.text) for __aeabi_uidivmod
    main.o(.text.HAL_ADC_ConvCpltCallback) refers to main.o(.text.DisplayDigitFLOAT) for DisplayDigitFLOAT
    main.o(.text.HAL_ADC_ConvCpltCallback) refers to adc.o(.bss.hadc1) for hadc1
    main.o(.text.HAL_ADC_ConvCpltCallback) refers to main.o(.bss.tc) for tc
    main.o(.text.HAL_ADC_ConvCpltCallback) refers to main.o(.bss.stuid_cplt) for stuid_cplt
    main.o(.text.HAL_ADC_ConvCpltCallback) refers to main.o(.rodata.StuID) for StuID
    main.o(.text.HAL_ADC_ConvCpltCallback) refers to main.o(.bss.adc_convert_cplt) for adc_convert_cplt
    main.o(.ARM.exidx.text.HAL_ADC_ConvCpltCallback) refers to main.o(.text.HAL_ADC_ConvCpltCallback) for [Anonymous Symbol]
    main.o(.text.tsp_ResistanceToTemperature) refers to fflti.o(.text) for __aeabi_ui2f
    main.o(.text.tsp_ResistanceToTemperature) refers to fmul.o(x$fpl$fmul) for __aeabi_fmul
    main.o(.text.tsp_ResistanceToTemperature) refers to fdiv.o(.text) for __aeabi_fdiv
[...]
    UART_DMAAbortOnError                     0x080061b1   Thumb Code    36  stm32g0xx_hal_uart.o(.text.UART_DMAAbortOnError)
    [Anonymous Symbol]                       0x080061b0   Section        0  stm32g0xx_hal_uart.o(.text.UART_DMAAbortOnError)
    UART_EndRxTransfer                       0x080061d5   Thumb Code   180  stm32g0xx_hal_uart.o(.text.UART_EndRxTransfer)
    [Anonymous Symbol]                       0x080061d4   Section        0  stm32g0xx_hal_uart.o(.text.UART_EndRxTransfer)
    __arm_cp.30_0                            0x08006288   Number         4  stm32g0xx_hal_uart.o(.text.UART_EndRxTransfer)
    UART_EndTransmit_IT                      0x0800628d   Thumb Code    76  stm32g0xx_hal_uart.o(.text.UART_EndTransmit_IT)
    [Anonymous Symbol]                       0x0800628c   Section        0  stm32g0xx_hal_uart.o(.text.UART_EndTransmit_IT)
    [Anonymous Symbol]                       0x080062d8   Section        0  stm32g0xx_hal_uart.o(.text.UART_SetConfig)
    __arm_cp.2_0                             0x08006588   Number         4  stm32g0xx_hal_uart.o(.text.UART_SetConfig)
    __arm_cp.2_1                             0x0800658c   Number         4  stm32g0xx_hal_uart.o(.text.UART_SetConfig)
    __arm_cp.2_2                             0x08006590   Number         4  stm32g0xx_hal_uart.o(.text.UART_SetConfig)
    __arm_cp.2_3                             0x08006594   Number         4  stm32g0xx_hal_uart.o(.text.UART_SetConfig)
    __arm_cp.2_4                             0x08006598   Number         4  stm32g0xx_hal_uart.o(.text.UART_SetConfig)
    __arm_cp.2_5                             0x0800659c   Number         4  stm32g0xx_hal_uart.o(.text.UART_SetConfig)
    __arm_cp.2_6                             0x080065a0   Number         4  stm32g0xx_hal_uart.o(.text.UART_SetConfig)
    UART_TxISR_16BIT                         0x080065a5   Thumb Code   168  stm32g0xx_hal_uart.o(.text.UART_TxISR_16BIT)
    [Anonymous Symbol]                       0x080065a4   Section        0  stm32g0xx_hal_uart.o(.text.UART_TxISR_16BIT)
    UART_TxISR_16BIT_FIFOEN                  0x0800664d   Thumb Code   220  stm32g0xx_hal_uart.o(.text.UART_TxISR_16BIT_FIFOEN)
    [Anonymous Symbol]                       0x0800664c   Section        0  stm32g0xx_hal_uart.o(.text.UART_TxISR_16BIT_FIFOEN)
    __arm_cp.14_0                            0x08006728   Number         4  stm32g0xx_hal_uart.o(.text.UART_TxISR_16BIT_FIFOEN)
    UART_TxISR_8BIT                          0x0800672d   Thumb Code   158  stm32g0xx_hal_uart.o(.text.UART_TxISR_8BIT)
    [Anonymous Symbol]                       0x0800672c   Section        0  stm32g0xx_hal_uart.o(.text.UART_TxISR_8BIT)
    UART_TxISR_8BIT_FIFOEN                   0x080067cb   Thumb Code   210  stm32g0xx_hal_uart.o(.text.UART_TxISR_8BIT_FIFOEN)
    [Anonymous Symbol]                       0x080067ca   Section        0  stm32g0xx_hal_uart.o(.text.UART_TxISR_8BIT_FIFOEN)
    [Anonymous Symbol]                       0x0800689c   Section        0  stm32g0xx_hal_uart.o(.text.UART_WaitOnFlagUntilTimeout)
    [Anonymous Symbol]                       0x08006a30   Section        0  stm32g0xx_it.o(.text.USART1_IRQHandler)
    __NVIC_EnableIRQ                         0x08006a3d   Thumb Code    40  stm32g0xx_hal_cortex.o(.text.__NVIC_EnableIRQ)
    [Anonymous Symbol]                       0x08006a3c   Section        0  stm32g0xx_hal_cortex.o(.text.__NVIC_EnableIRQ)
    __arm_cp.3_0                             0x08006a64   Number         4  stm32g0xx_hal_cortex.o(.text.__NVIC_EnableIRQ)
    __NVIC_SetPriority                       0x08006a69   Thumb Code   124  stm32g0xx_hal_cortex.o(.text.__NVIC_SetPriority)
    [Anonymous Symbol]                       0x08006a68   Section        0  stm32g0xx_hal_cortex.o(.text.__NVIC_SetPriority)
    __arm_cp.1_0                             0x08006ae4   Number         4  stm32g0xx_hal_cortex.o(.text.__NVIC_SetPriority)
    __arm_cp.1_1                             0x08006ae8   Number         4  stm32g0xx_hal_cortex.o(.text.__NVIC_SetPriority)
    [Anonymous Symbol]                       0x08006aec   Section        0  main.o(.text.main)
    __arm_cp.7_0                             0x08006b94   Number         4  main.o(.text.main)
    __arm_cp.7_1                             0x08006b98   Number         4  main.o(.text.main)
    __arm_cp.7_2                             0x08006b9c   Number         4  main.o(.text.main)
    __arm_cp.7_3                             0x08006ba0   Number         4  main.o(.text.main)
    __arm_cp.7_4                             0x08006ba4   Number         4  main.o(.text.main)
    __arm_cp.7_5                             0x08006ba8   Number         4  main.o(.text.main)
    __arm_cp.7_6                             0x08006bac   Number         4  main.o(.text.main)
    [Anonymous Symbol]                       0x08006bb0   Section        0  main.o(.text.select_digit)
    __arm_cp.2_0                             0x08006ca0   Number         4  main.o(.text.select_digit)
    tsp_ResistanceToTemperature              0x08006ca5   Thumb Code   232  main.o(.text.tsp_ResistanceToTemperature)
    [Anonymous Symbol]                       0x08006ca4   Section        0  main.o(.text.tsp_ResistanceToTemperature)
    __arm_cp.6_0                             0x08006d8c   Number         4  main.o(.text.tsp_ResistanceToTemperature)
    __arm_cp.6_1                             0x08006d90   Number         4  main.o(.text.tsp_ResistanceToTemperature)
    __arm_cp.6_2                             0x08006d94   Number         4  main.o(.text.tsp_ResistanceToTemperature)
    __arm_cp.6_3                             0x08006d98   Number         4  main.o(.text.tsp_ResistanceToTemperature)
    __arm_cp.6_4                             0x08006d9c   Number         4  main.o(.text.tsp_ResistanceToTemperature)
    __arm_cp.6_5                             0x08006da0   Number         4  main.o(.text.tsp_ResistanceToTemperature)
    __arm_cp.6_7                             0x08006da4   Number         4  main.o(.text.tsp_ResistanceToTemperature)
    [Anonymous Symbol]                       0x08006da8   Section        0  main.o(.text.tsp_ln)
    __arm_cp.0_0                             0x08006e80   Number         4  main.o(.text.tsp_ln)
    [Anonymous Symbol]                       0x08006e84   Section        0  main.o(.text.write_segment)
    __arm_cp.3_0                             0x08006eb0   Number         4  main.o(.text.write_segment)
    __arm_cp.3_1                             0x08006eb4   Number         4  main.o(.text.write_segment)
    i.__ARM_common_ll_muluu                  0x08006eb8   Section        0  btod.o(i.__ARM_common_ll_muluu)
    i.__ARM_fpclassify                       0x08006ee8   Section        0  fpclassify.o(i.__ARM_fpclassify)
    i._is_digit                              0x08006f14   Section        0  __printf_wp.o(i._is_digit)
    i.roundf                                 0x08006f22   Section        0  roundf.o(i.roundf)
    locale$$code                             0x08006f98   Section       44  lc_numeric_c.o(locale$$code)
    locale$$code                             0x08006fc4   Section       44  lc_ctype_c.o(locale$$code)
    x$fpl$fadd                               0x08006ff0   Section      140  faddsub.o(x$fpl$fadd)
    _fadd1                                   0x08006ffd   Thumb Code     0  faddsub.o(x$fpl$fadd)
    x$fpl$fmul                               0x0800707c   Section      176  fmul.o(x$fpl$fmul)
    x$fpl$fsub                               0x0800712c   Section      208  faddsub.o(x$fpl$fsub)
    _fsub1                                   0x08007139   Thumb Code     0  faddsub.o(x$fpl$fsub)
    x$fpl$printf1                            0x080071fc   Section       16  printf1.o(x$fpl$printf1)
    x$fpl$printf2                            0x0800720c   Section       16  printf2.o(x$fpl$printf2)
    ddiv_reciptbl                            0x0800721c   Data         128  ddiv.o(.constdata)
    .constdata                               0x0800721c   Section      128  ddiv.o(.constdata)
    x$fpl$usenofp                            0x0800721c   Section        0  usenofp.o(x$fpl$usenofp)
    fdiv_tab                                 0x0800729c   Data          64  fdiv.o(.constdata)
    .constdata                               0x0800729c   Section       64  fdiv.o(.constdata)
    initial_mbstate                          0x080072dc   Data           8  _printf_wctomb.o(.constdata)
    .constdata                               0x080072dc   Section        8  _printf_wctomb.o(.constdata)
    uc_hextab                                0x080072e4   Data          20  _printf_hex_int_ll_ptr.o(.constdata)
    .constdata                               0x080072e4   Section       40  _printf_hex_int_ll_ptr.o(.constdata)
    lc_hextab                                0x080072f8   Data          20  _printf_hex_int_ll_ptr.o(.constdata)
    maptable                                 0x0800730c   Data          17  __printf_flags_ss_wp.o(.constdata)
    .constdata                               0x0800730c   Section       17  __printf_flags_ss_wp.o(.constdata)
    lc_hextab                                0x0800731d   Data          19  _printf_fp_hex.o(.constdata)
    .constdata                               0x0800731d   Section       38  _printf_fp_hex.o(.constdata)
    uc_hextab                                0x08007330   Data          19  _printf_fp_hex.o(.constdata)
    tenpwrs_x                                0x08007344   Data          60  bigflt0.o(.constdata)
    .constdata                               0x08007344   Section      148  bigflt0.o(.constdata)
    tenpwrs_i                                0x08007380   Data          64  bigflt0.o(.constdata)
    UARTEx_SetNbDataToProcess.denominator    0x0800744c   Data           8  stm32g0xx_hal_uart_ex.o(.rodata.UARTEx_SetNbDataToProcess.denominator)
    [Anonymous Symbol]                       0x0800744c   Section        0  stm32g0xx_hal_uart_ex.o(.rodata.UARTEx_SetNbDataToProcess.denominator)
    UARTEx_SetNbDataToProcess.numerator      0x08007454   Data           8  stm32g0xx_hal_uart_ex.o(.rodata.UARTEx_SetNbDataToProcess.numerator)
    [Anonymous Symbol]                       0x08007454   Section        0  stm32g0xx_hal_uart_ex.o(.rodata.UARTEx_SetNbDataToProcess.numerator)
    [Anonymous Symbol]                       0x08007484   Section        0  main.o(.rodata.str1.1)
    locale$$data                             0x080074b8   Section       28  lc_numeric_c.o(locale$$data)
    __lcnum_c_name                           0x080074bc   Data           2  lc_numeric_c.o(locale$$data)
    __lcnum_c_start                          0x080074c4   Data           0  lc_numeric_c.o(locale$$data)
    __lcnum_c_point                          0x080074d0   Data           0  lc_numeric_c.o(locale$$data)
    __lcnum_c_thousands                      0x080074d2   Data           0  lc_numeric_c.o(locale$$data)
    __lcnum_c_grouping                       0x080074d3   Data           0  lc_numeric_c.o(locale$$data)
    __lcnum_c_end                            0x080074d4   Data           0  lc_numeric_c.o(locale$$data)
    locale$$data                             0x080074d4   Section      272  lc_ctype_c.o(locale$$data)
    __lcctype_c_name                         0x080074d8   Data           2  lc_ctype_c.o(locale$$data)
    __lcctype_c_start                        0x080074e0   Data           0  lc_ctype_c.o(locale$$data)
    __lcctype_c_end                          0x080075e4   Data           0  lc_ctype_c.o(locale$$data)
    .bss                                     0x20000010   Section       96  libspace.o(.bss)
    Heap_Mem                                 0x200001c8   Data         512  startup_stm32g030xx.o(HEAP)
    HEAP                                     0x200001c8   Section      512  startup_stm32g030xx.o(HEAP)
    Stack_Mem                                0x200003c8   Data        1024  startup_stm32g030xx.o(STACK)
    STACK                                    0x200003c8   Section     1024  startup_stm32g030xx.o(STACK)
    __initial_sp                             0x200007c8   Data           0  startup_stm32g030xx.o(STACK)

    Global Symbols

    Symbol Name                              Value     Ov Type        Size  Object(Section)

    BuildAttributes$$THM_ISAv3M$S$PE$A:L22$X:L11$S22$IEEE1$IW$~IW$USESV6$~STKCKD$USESV7$~SHL$OTIME$ROPI$IEEEJ$EBA8$UX$STANDARDLIB$REQ8$PRES8$EABIv2 0x00000000   Number         0  anon$$obj.o ABSOLUTE
    _printf_flags                            0x00000000   Number         0  printf_stubs.o ABSOLUTE
    _printf_return_value                     0x00000000   Number         0  printf_stubs.o ABSOLUTE
    _printf_sizespec                         0x00000000   Number         0  printf_stubs.o ABSOLUTE
    _printf_widthprec                        0x00000000   Number         0  printf_stubs.o ABSOLUTE
    __ARM_exceptions_init                     - Undefined Weak Reference
    __alloca_initialize                       - Undefined Weak Reference
    __arm_preinit_                            - Undefined Weak Reference
    __arm_relocate_pie_                       - Undefined Weak Reference
    __cpp_initialize__aeabi_                  - Undefined Weak Reference
    __cxa_finalize                            - Undefined Weak Reference
    __sigvec_lookup                           - Undefined Weak Reference
    _atexit_init                              - Undefined Weak Reference
    _call_atexit_fns                          - Undefined Weak Reference
    _clock_init                               - Undefined Weak Reference
    _fp_trap_init                             - Undefined Weak Reference
    _fp_trap_shutdown                         - Undefined Weak Reference
    _get_lc_collate                           - Undefined Weak Reference
    _get_lc_monetary                          - Undefined Weak Reference
    _get_lc_time                              - Undefined Weak Reference
    _getenv_init                              - Undefined Weak Reference
    _handle_redirection                       - Undefined Weak Reference
    _init_alloc                               - Undefined Weak Reference
    _init_user_alloc                          - Undefined Weak Reference
    _initio                                   - Undefined Weak Reference
    _printf_mbtowc                            - Undefined Weak Reference
    _printf_wc                                - Undefined Weak Reference
    _rand_init                                - Undefined Weak Reference
    _signal_finish                            - Undefined Weak Reference
    _signal_init                              - Undefined Weak Reference
    _terminate_alloc                          - Undefined Weak Reference
    _terminate_user_alloc                     - Undefined Weak Reference
    _terminateio                              - Undefined Weak Reference
    __Vectors_Size                           0x000000c0   Number         0  startup_stm32g030xx.o ABSOLUTE
    __Vectors                                0x08000000   Data           4  startup_stm32g030xx.o(RESET)
    __Vectors_End                            0x080000c0   Data           0  startup_stm32g030xx.o(RESET)
    __main                                   0x080000c1   Thumb Code     8  __main.o(!!!main)
    __scatterload                            0x080000c9   Thumb Code     0  __scatter.o(!!!scatter)
    __scatterload_rt2                        0x080000c9   Thumb Code    74  __scatter.o(!!!scatter)
    __scatterload_rt2_thumb_only             0x080000c9   Thumb Code     0  __scatter.o(!!!scatter)
    __scatterload_loop                       0x080000d3   Thumb Code     0  __scatter.o(!!!scatter)
    __scatterload_copy                       0x0800011d   Thumb Code    26  __scatter_copy.o(!!handler_copy)
    __scatterload_null                       0x08000139   Thumb Code     2  __scatter.o(!!handler_null)
    __scatterload_zeroinit                   0x0800013d   Thumb Code    28  __scatter_zi.o(!!handler_zi)
    _printf_percent                          0x08000159   Thumb Code     0  _printf_percent.o(.ARM.Collect$$_printf_percent$$00000000)
    _printf_n                                0x0800015b   Thumb Code     0  _printf_n.o(.ARM.Collect$$_printf_percent$$00000001)
    _printf_p                                0x08000165   Thumb Code     0  _printf_p.o(.ARM.Collect$$_printf_percent$$00000002)
    _printf_f                                0x0800016f   Thumb Code     0  _printf_f.o(.ARM.Collect$$_printf_percent$$00000003)
    _printf_e                                0x08000179   Thumb Code     0  _printf_e.o(.ARM.Collect$$_printf_percent$$00000004)
    _printf_g                                0x08000183   Thumb Code     0  _printf_g.o(.ARM.Collect$$_printf_percent$$00000005)
    _printf_a                                0x0800018d   Thumb Code     0  _printf_a.o(.ARM.Collect$$_printf_percent$$00000006)
    _printf_ll                               0x08000197   Thumb Code     0  _printf_ll.o(.ARM.Collect$$_printf_percent$$00000007)
    _printf_i                                0x080001a1   Thumb Code     0  _printf_i.o(.ARM.Collect$$_printf_percent$$00000008)
    _printf_d                                0x080001ab   Thumb Code     0  _printf_d.o(.ARM.Collect$$_printf_percent$$00000009)
    _printf_u                                0x080001b5   Thumb Code     0  _printf_u.o(.ARM.Collect$$_printf_percent$$0000000A)
    _printf_o                                0x080001bf   Thumb Code     0  _printf_o.o(.ARM.Collect$$_printf_percent$$0000000B)
    _printf_x                                0x080001c9   Thumb Code     0  _printf_x.o(.ARM.Collect$$_printf_percent$$0000000C)
    _printf_lli                              0x080001d3   Thumb Code     0  _printf_lli.o(.ARM.Collect$$_printf_percent$$0000000D)
    _printf_lld                              0x080001dd   Thumb Code     0  _printf_lld.o(.ARM.Collect$$_printf_percent$$0000000E)
    _printf_llu                              0x080001e7   Thumb Code     0  _printf_llu.o(.ARM.Collect$$_printf_percent$$0000000F)
    _printf_llo                              0x080001f1   Thumb Code     0  _printf_llo.o(.ARM.Collect$$_printf_percent$$00000010)
    _printf_llx                              0x080001fb   Thumb Code     0  _printf_llx.o(.ARM.Collect$$_printf_percent$$00000011)
    _printf_l                                0x08000205   Thumb Code     0  _printf_l.o(.ARM.Collect$$_printf_percent$$00000012)
    _printf_c                                0x0800020f   Thumb Code     0  _printf_c.o(.ARM.Collect$$_printf_percent$$00000013)
    _printf_s                                0x08000219   Thumb Code     0  _printf_s.o(.ARM.Collect$$_printf_percent$$00000014)
    _printf_lc                               0x08000223   Thumb Code     0  _printf_lc.o(.ARM.Collect$$_printf_percent$$00000015)
    _printf_ls                               0x0800022d   Thumb Code     0  _printf_ls.o(.ARM.Collect$$_printf_percent$$00000016)
    _printf_percent_end                      0x08000237   Thumb Code     0  _printf_percent_end.o(.ARM.Collect$$_printf_percent$$00000017)
    __rt_lib_init                            0x0800023b   Thumb Code     0  libinit.o(.ARM.Collect$$libinit$$00000000)
    __rt_lib_init_fp_1                       0x0800023d   Thumb Code     0  libinit2.o(.ARM.Collect$$libinit$$00000002)
    __rt_lib_init_heap_1                     0x0800023d   Thumb Code     0  libinit2.o(.ARM.Collect$$libinit$$0000000C)
    __rt_lib_init_lc_common                  0x0800023d   Thumb Code     0  libinit2.o(.ARM.Collect$$libinit$$00000011)
    __rt_lib_init_preinit_1                  0x0800023d   Thumb Code     0  libinit2.o(.ARM.Collect$$libinit$$00000006)
    __rt_lib_init_rand_1                     0x0800023d   Thumb Code     0  libinit2.o(.ARM.Collect$$libinit$$00000010)
    __rt_lib_init_relocate_pie_1             0x0800023d   Thumb Code     0  libinit2.o(.ARM.Collect$$libinit$$00000004)
    __rt_lib_init_user_alloc_1               0x0800023d   Thumb Code     0  libinit2.o(.ARM.Collect$$libinit$$0000000E)
    __rt_lib_init_lc_collate_1               0x08000243   Thumb Code     0  libinit2.o(.ARM.Collect$$libinit$$00000013)
    __rt_lib_init_lc_ctype_2                 0x08000243   Thumb Code     0  libinit2.o(.ARM.Collect$$libinit$$00000014)
    __rt_lib_init_lc_ctype_1                 0x0800024f   Thumb Code     0  libinit2.o(.ARM.Collect$$libinit$$00000015)
    __rt_lib_init_lc_monetary_1              0x0800024f   Thumb Code     0  libinit2.o(.ARM.Collect$$libinit$$00000017)
    __rt_lib_init_lc_numeric_2               0x0800024f   Thumb Code     0  libinit2.o(.ARM.Collect$$libinit$$00000018)
    __rt_lib_init_alloca_1                   0x08000259   Thumb Code     0  libinit2.o(.ARM.Collect$$libinit$$00000030)
    __rt_lib_init_argv_1                     0x08000259   Thumb Code     0  libinit2.o(.ARM.Collect$$libinit$$0000002E)
    __rt_lib_init_atexit_1                   0x08000259   Thumb Code     0  libinit2.o(.ARM.Collect$$libinit$$0000001D)
    __rt_lib_init_clock_1                    0x08000259   Thumb Code     0  libinit2.o(.ARM.Collect$$libinit$$00000023)
    __rt_lib_init_cpp_1                      0x08000259   Thumb Code     0  libinit2.o(.ARM.Collect$$libinit$$00000034)
    __rt_lib_init_exceptions_1               0x08000259   Thumb Code     0  libinit2.o(.ARM.Collect$$libinit$$00000032)
    __rt_lib_init_fp_trap_1                  0x08000259   Thumb Code     0  libinit2.o(.ARM.Collect$$libinit$$00000021)
    __rt_lib_init_getenv_1                   0x08000259   Thumb Code     0  libinit2.o(.ARM.Collect$$libinit$$00000025)
    __rt_lib_init_lc_numeric_1               0x08000259   Thumb Code     0  libinit2.o(.ARM.Collect$$libinit$$00000019)
    __rt_lib_init_lc_time_1                  0x08000259   Thumb Code     0  libinit2.o(.ARM.Collect$$libinit$$0000001B)
    __rt_lib_init_return                     0x08000259   Thumb Code     0  libinit2.o(.ARM.Collect$$libinit$$00000035)
    __rt_lib_init_signal_1                   0x08000259   Thumb Code     0  libinit2.o(.ARM.Collect$$libinit$$0000001F)
    __rt_lib_init_stdio_1                    0x08000259   Thumb Code     0  libinit2.o(.ARM.Collect$$libinit$$00000027)
    __rt_lib_shutdown                        0x0800025b   Thumb Code     0  libshutdown.o(.ARM.Collect$$libshutdown$$00000000)
    __rt_lib_shutdown_cpp_1                  0x0800025d   Thumb Code     0  libshutdown2.o(.ARM.Collect$$libshutdown$$00000002)
    __rt_lib_shutdown_fp_trap_1              0x0800025d   Thumb Code     0  libshutdown2.o(.ARM.Collect$$libshutdown$$00000007)
    __rt_lib_shutdown_heap_1                 0x0800025d   Thumb Code     0  libshutdown2.o(.ARM.Collect$$libshutdown$$0000000F)
    __rt_lib_shutdown_return                 0x0800025d   Thumb Code     0  libshutdown2.o(.ARM.Collect$$libshutdown$$00000010)
    __rt_lib_shutdown_signal_1               0x0800025d   Thumb Code     0  libshutdown2.o(.ARM.Collect$$libshutdown$$0000000A)
    __rt_lib_shutdown_stdio_1                0x0800025d   Thumb Code     0  libshutdown2.o(.ARM.Collect$$libshutdown$$00000004)
    __rt_lib_shutdown_user_alloc_1           0x0800025d   Thumb Code     0  libshutdown2.o(.ARM.Collect$$libshutdown$$0000000C)
    __rt_entry                               0x0800025f   Thumb Code     0  __rtentry.o(.ARM.Collect$$rtentry$$00000000)
    __rt_entry_presh_1                       0x0800025f   Thumb Code     0  __rtentry2.o(.ARM.Collect$$rtentry$$00000002)
    __rt_entry_sh                            0x0800025f   Thumb Code     0  __rtentry4.o(.ARM.Collect$$rtentry$$00000004)
    __rt_entry_li                            0x08000265   Thumb Code     0  __rtentry2.o(.ARM.Collect$$rtentry$$0000000A)
    __rt_entry_postsh_1                      0x08000265   Thumb Code     0  __rtentry2.o(.ARM.Collect$$rtentry$$00000009)
    __rt_entry_main                          0x08000269   Thumb Code     0  __rtentry2.o(.ARM.Collect$$rtentry$$0000000D)
    __rt_entry_postli_1                      0x08000269   Thumb Code     0  __rtentry2.o(.ARM.Collect$$rtentry$$0000000C)
    __rt_exit                                0x08000271   Thumb Code     0  rtexit.o(.ARM.Collect$$rtexit$$00000000)
    __rt_exit_ls                             0x08000273   Thumb Code     0  rtexit2.o(.ARM.Collect$$rtexit$$00000003)
    __rt_exit_prels_1                        0x08000273   Thumb Code     0  rtexit2.o(.ARM.Collect$$rtexit$$00000002)
    __rt_exit_exit                           0x08000277   Thumb Code     0  rtexit2.o(.ARM.Collect$$rtexit$$00000004)
    Reset_Handler                            0x0800027d   Thumb Code     8  startup_stm32g030xx.o(.text)
    DMA1_Ch4_5_DMAMUX1_OVR_IRQHandler        0x0800028f   Thumb Code     0  startup_stm32g030xx.o(.text)
    DMA1_Channel1_IRQHandler                 0x0800028f   Thumb Code     0  startup_stm32g030xx.o(.text)
    DMA1_Channel2_3_IRQHandler               0x0800028f   Thumb Code     0  startup_stm32g030xx.o(.text)
    EXTI0_1_IRQHandler                       0x0800028f   Thumb Code     0  startup_stm32g030xx.o(.text)
    EXTI2_3_IRQHandler                       0x0800028f   Thumb Code     0  startup_stm32g030xx.o(.text)
    EXTI4_15_IRQHandler                      0x0800028f   Thumb Code     0  startup_stm32g030xx.o(.text)
    FLASH_IRQHandler                         0x0800028f   Thumb Code     0  startup_stm32g030xx.o(.text)
    I2C1_IRQHandler                          0x0800028f   Thumb Code     0  startup_stm32g030xx.o(.text)
    I2C2_IRQHandler                          0x0800028f   Thumb Code     0  startup_stm32g030xx.o(.text)
    RCC_IRQHandler                           0x0800028f   Thumb Code     0  startup_stm32g030xx.o(.text)
    RTC_TAMP_IRQHandler                      0x0800028f   Thumb Code     0  startup_stm32g030xx.o(.text)
    SPI1_IRQHandler                          0x0800028f   Thumb Code     0  startup_stm32g030xx.o(.text)
    SPI2_IRQHandler                          0x0800028f   Thumb Code     0  startup_stm32g030xx.o(.text)
    TIM14_IRQHandler                         0x0800028f   Thumb Code     0  startup_stm32g030xx.o(.text)
    TIM16_IRQHandler                         0x0800028f   Thumb Code     0  startup_stm32g030xx.o(.text)
    TIM17_IRQHandler                         0x0800028f   Thumb Code     0  startup_stm32g030xx.o(.text)
    TIM1_BRK_UP_TRG_COM_IRQHandler           0x0800028f   Thumb Code     0  startup_stm32g030xx.o(.text)
    TIM1_CC_IRQHandler                       0x0800028f   Thumb Code     0  startup_stm32g030xx.o(.text)
    TIM3_IRQHandler                          0x0800028f   Thumb Code     0  startup_stm32g030xx.o(.text)
    USART2_IRQHandler                        0x0800028f   Thumb Code     0  startup_stm32g030xx.o(.text)
    WWDG_IRQHandler                          0x0800028f   Thumb Code     0  startup_stm32g030xx.o(.text)
    __user_initial_stackheap                 0x08000291   Thumb Code     0  startup_stm32g030xx.o(.text)
    sprintf                                  0x080002b5   Thumb Code    40  sprintf.o(.text)
    _memset_w                                0x080002e1   Thumb Code    26  rt_memclr.o(.text)
    _memset                                  0x080002fb   Thumb Code    30  rt_memclr.o(.text)
    __aeabi_memclr                           0x08000319   Thumb Code     4  rt_memclr.o(.text)
    __rt_memclr                              0x08000319   Thumb Code     0  rt_memclr.o(.text)
    __aeabi_memclr4                          0x0800031d   Thumb Code     0  rt_memclr.o(.text)
    __aeabi_memclr8                          0x0800031d   Thumb Code     0  rt_memclr.o(.text)
    __rt_memclr_w                            0x0800031d   Thumb Code     4  rt_memclr.o(.text)
    __aeabi_uidiv                            0x08000321   Thumb Code     0  aeabi_sdiv.o(.text)
    __aeabi_uidivmod                         0x08000321   Thumb Code    20  aeabi_sdiv.o(.text)
    __aeabi_idiv                             0x08000335   Thumb Code     0  aeabi_sdiv.o(.text)
    __aeabi_idivmod                          0x08000335   Thumb Code   338  aeabi_sdiv.o(.text)
    __use_two_region_memory                  0x0800048d   Thumb Code     2  heapauxi.o(.text)
    __rt_heap_escrow$2region                 0x0800048f   Thumb Code     2  heapauxi.o(.text)
    __rt_heap_expand$2region                 0x08000491   Thumb Code     2  heapauxi.o(.text)
    __aeabi_d2f                              0x08000495   Thumb Code     0  d2f.o(.text)
    _d2f                                     0x08000495   Thumb Code   120  d2f.o(.text)
    __aeabi_dadd                             0x08000809   Thumb Code     0  daddsub.o(.text)
    _dadd                                    0x08000809   Thumb Code    26  daddsub.o(.text)
    __aeabi_dsub                             0x08000823   Thumb Code     0  daddsub.o(.text)
    _dsub                                    0x08000823   Thumb Code    22  daddsub.o(.text)
    __aeabi_drsub                            0x08000839   Thumb Code     0  daddsub.o(.text)
    _drsb                                    0x08000839   Thumb Code    28  daddsub.o(.text)
    __aeabi_ddiv                             0x08000869   Thumb Code     0  ddiv.o(.text)
    _ddiv                                    0x08000869   Thumb Code  1072  ddiv.o(.text)
    _drdiv                                   0x08000c99   Thumb Code    20  ddiv.o(.text)
    __aeabi_i2d_normalise                    0x08000cb1   Thumb Code    66  dflti.o(.text)
    __aeabi_i2d                              0x08000cf3   Thumb Code    16  dflti.o(.text)
    _dflt                                    0x08000cf3   Thumb Code     0  dflti.o(.text)
    __aeabi_ui2d                             0x08000d03   Thumb Code     6  dflti.o(.text)
    _dfltu                                   0x08000d03   Thumb Code     0  dflti.o(.text)
    __aeabi_dmul                             0x08000d09   Thumb Code     0  dmul.o(.text)
    _dmul                                    0x08000d09   Thumb Code   558  dmul.o(.text)
    __aeabi_f2d                              0x08000f51   Thumb Code     0  f2d.o(.text)
    _f2d                                     0x08000f51   Thumb Code    80  f2d.o(.text)
    __aeabi_fdiv                             0x08000fa5   Thumb Code     0  fdiv.o(.text)
    _fdiv                                    0x08000fa5   Thumb Code   334  fdiv.o(.text)
    _frdiv                                   0x080010f3   Thumb Code     8  fdiv.o(.text)
    __aeabi_f2uiz                            0x08001105   Thumb Code     0  ffixui.o(.text)
    _ffixu                                   0x08001105   Thumb Code    48  ffixui.o(.text)
    __aeabi_i2f_normalise                    0x08001135   Thumb Code    72  fflti.o(.text)
    __aeabi_i2f                              0x0800117d   Thumb Code    16  fflti.o(.text)
    _fflt                                    0x0800117d   Thumb Code     0  fflti.o(.text)
    __aeabi_ui2f                             0x0800118d   Thumb Code     6  fflti.o(.text)
    _ffltu                                   0x0800118d   Thumb Code     0  fflti.o(.text)
    _printf_pre_padding                      0x08001193   Thumb Code    44  _printf_pad.o(.text)
    _printf_post_padding                     0x080011bf   Thumb Code    34  _printf_pad.o(.text)
    _printf_truncate_signed                  0x080011e1   Thumb Code    18  _printf_truncate.o(.text)
    _printf_truncate_unsigned                0x080011f3   Thumb Code    18  _printf_truncate.o(.text)
    _printf_str                              0x08001205   Thumb Code    82  _printf_str.o(.text)
    _printf_int_dec                          0x08001259   Thumb Code    90  _printf_dec.o(.text)
    _printf_charcount                        0x080012c5   Thumb Code    38  _printf_charcount.o(.text)
    _printf_char_common                      0x080012f7   Thumb Code    32  _printf_char_common.o(.text)
    _sputc                                   0x0800131d   Thumb Code    10  _sputc.o(.text)
    _printf_wctomb                           0x08001329   Thumb Code   182  _printf_wctomb.o(.text)
    _printf_longlong_dec                     0x080013e5   Thumb Code    94  _printf_longlong_dec.o(.text)
    _printf_longlong_oct                     0x08001455   Thumb Code    68  _printf_oct_int_ll.o(.text)
    _printf_int_oct                          0x08001499   Thumb Code    24  _printf_oct_int_ll.o(.text)
    _printf_ll_oct                           0x080014b1   Thumb Code    10  _printf_oct_int_ll.o(.text)
    _printf_longlong_hex                     0x080014c5   Thumb Code    88  _printf_hex_int_ll_ptr.o(.text)
    _printf_int_hex                          0x0800151d   Thumb Code    28  _printf_hex_int_ll_ptr.o(.text)
    _printf_ll_hex                           0x08001539   Thumb Code    10  _printf_hex_int_ll_ptr.o(.text)
    _printf_hex_ptr                          0x08001543   Thumb Code    22  _printf_hex_int_ll_ptr.o(.text)
    __printf                                 0x0800155d   Thumb Code   386  __printf_flags_ss_wp.o(.text)
    _frnd                                    0x080016e5   Thumb Code   122  frnd.o(.text)
    _ll_udiv10                               0x08001765   Thumb Code   122  lludiv10.o(.text)
    _printf_int_common                       0x080017df   Thumb Code   176  _printf_intcommon.o(.text)
    _printf_fp_dec_real                      0x08001a2d   Thumb Code   620  _printf_fp_dec.o(.text)
    _printf_fp_hex_real                      0x08001ca5   Thumb Code   718  _printf_fp_hex.o(.text)
    _printf_cs_common                        0x08001f7d   Thumb Code    22  _printf_char.o(.text)
    _printf_char                             0x08001f93   Thumb Code    16  _printf_char.o(.text)
    _printf_string                           0x08001fa3   Thumb Code     8  _printf_char.o(.text)
    _printf_lcs_common                       0x08001fab   Thumb Code    22  _printf_wchar.o(.text)
    _printf_wchar                            0x08001fc1   Thumb Code    16  _printf_wchar.o(.text)
    _printf_wstring                          0x08001fd1   Thumb Code     8  _printf_wchar.o(.text)
    _c16rtomb                                0x08001fd9   Thumb Code    66  _c16rtomb.o(.text)
    _wcrtomb                                 0x08001fd9   Thumb Code     0  _c16rtomb.o(.text)
    __rt_udiv10                              0x0800201b   Thumb Code    40  rtudiv10.o(.text)
    __user_setup_stackheap                   0x08002043   Thumb Code    62  sys_stackheap_outer.o(.text)
    __rt_ctype_table                         0x08002081   Thumb Code    16  rt_ctype_table.o(.text)
    __rt_locale                              0x08002091   Thumb Code     8  rt_locale_intlibspace.o(.text)
    _printf_fp_infnan                        0x08002099   Thumb Code   120  _printf_fp_infnan.o(.text)
    _btod_etento                             0x08002121   Thumb Code   210  bigflt0.o(.text)
    _btod_d2e                                0x080021f9   Thumb Code    64  btod.o(.text)
    _btod_emul                               0x0800262d   Thumb Code    28  btod.o(.text)
    _btod_emuld                              0x08002649   Thumb Code   144  btod.o(.text)
    _btod_ediv                               0x080026d9   Thumb Code    26  btod.o(.text)
    _btod_edivd                              0x080026f3   Thumb Code   124  btod.o(.text)
    exit                                     0x08002779   Thumb Code    16  exit.o(.text)
    __user_libspace                          0x08002789   Thumb Code     8  libspace.o(.text)
    __user_perproc_libspace                  0x08002789   Thumb Code     0  libspace.o(.text)
    __user_perthread_libspace                0x08002789   Thumb Code     0  libspace.o(.text)
    strcmp                                   0x08002791   Thumb Code   132  strcmp.o(.text)
    _sys_exit                                0x08002819   Thumb Code     8  sys_exit.o(.text)
    __I$use$semihosting                      0x08002825   Thumb Code     0  use_no_semi.o(.text)
    __use_no_semihosting_swi                 0x08002825   Thumb Code     2  use_no_semi.o(.text)
    __semihosting_library_function           0x08002827   Thumb Code     0  indicate_semi.o(.text)
    ADC1_IRQHandler                          0x08002829   Thumb Code    12  stm32g0xx_it.o(.text.ADC1_IRQHandler)
    ADC_Enable                               0x08002839   Thumb Code   256  stm32g0xx_hal_adc.o(.text.ADC_Enable)
    DisplayCallback                          0x08002949   Thumb Code   200  main.o(.text.DisplayCallback)
    DisplayDigitFLOAT                        0x08002a25   Thumb Code   156  main.o(.text.DisplayDigitFLOAT)
    Error_Handler                            0x08002ac9   Thumb Code    14  main.o(.text.Error_Handler)
    HAL_ADCEx_ChannelConfigReadyCallback     0x08002ad7   Thumb Code     8  stm32g0xx_hal_adc_ex.o(.text.HAL_ADCEx_ChannelConfigReadyCallback)
    HAL_ADCEx_EndOfSamplingCallback          0x08002adf   Thumb Code     8  stm32g0xx_hal_adc_ex.o(.text.HAL_ADCEx_EndOfSamplingCallback)
    HAL_ADCEx_LevelOutOfWindow2Callback      0x08002ae7   Thumb Code     8  stm32g0xx_hal_adc_ex.o(.text.HAL_ADCEx_LevelOutOfWindow2Callback)
    HAL_ADCEx_LevelOutOfWindow3Callback      0x08002aef   Thumb Code     8  stm32g0xx_hal_adc_ex.o(.text.HAL_ADCEx_LevelOutOfWindow3Callback)
    HAL_ADC_ConfigChannel                    0x08002af9   Thumb Code  1120  stm32g0xx_hal_adc.o(.text.HAL_ADC_ConfigChannel)
    HAL_ADC_ConvCpltCallback                 0x08002f75   Thumb Code    96  main.o(.text.HAL_ADC_ConvCpltCallback)
    HAL_ADC_ErrorCallback                    0x08002fe9   Thumb Code     8  stm32g0xx_hal_adc.o(.text.HAL_ADC_ErrorCallback)
    HAL_ADC_GetState                         0x08002ff1   Thumb Code    12  stm32g0xx_hal_adc.o(.text.HAL_ADC_GetState)
    HAL_ADC_GetValue                         0x08002ffd   Thumb Code    14  stm32g0xx_hal_adc.o(.text.HAL_ADC_GetValue)
    HAL_ADC_IRQHandler                       0x0800300b   Thumb Code   610  stm32g0xx_hal_adc.o(.text.HAL_ADC_IRQHandler)
    HAL_ADC_Init                             0x0800326d   Thumb Code   832  stm32g0xx_hal_adc.o(.text.HAL_ADC_Init)
    HAL_ADC_LevelOutOfWindowCallback         0x080035c5   Thumb Code     8  stm32g0xx_hal_adc.o(.text.HAL_ADC_LevelOutOfWindowCallback)
    HAL_ADC_MspInit                          0x080035cd   Thumb Code   168  adc.o(.text.HAL_ADC_MspInit)
    HAL_ADC_Start_IT                         0x08003681   Thumb Code   244  stm32g0xx_hal_adc.o(.text.HAL_ADC_Start_IT)
    HAL_DMA_Abort                            0x08003779   Thumb Code   192  stm32g0xx_hal_dma.o(.text.HAL_DMA_Abort)
    HAL_DMA_Abort_IT                         0x08003839   Thumb Code   184  stm32g0xx_hal_dma.o(.text.HAL_DMA_Abort_IT)
    HAL_GPIO_Init                            0x080038f5   Thumb Code   688  stm32g0xx_hal_gpio.o(.text.HAL_GPIO_Init)
    HAL_GPIO_WritePin                        0x08003bc5   Thumb Code    44  stm32g0xx_hal_gpio.o(.text.HAL_GPIO_WritePin)
    HAL_GetTick                              0x08003bf1   Thumb Code     8  stm32g0xx_hal.o(.text.HAL_GetTick)
    HAL_IncTick                              0x08003bf9   Thumb Code    16  stm32g0xx_hal.o(.text.HAL_IncTick)
    HAL_Init                                 0x08003c0d   Thumb Code    56  stm32g0xx_hal.o(.text.HAL_Init)
    HAL_InitTick                             0x08003c49   Thumb Code   120  stm32g0xx_hal.o(.text.HAL_InitTick)
    HAL_MspInit                              0x08003cc9   Thumb Code    52  stm32g0xx_hal_msp.o(.text.HAL_MspInit)
    HAL_NVIC_EnableIRQ                       0x08003d01   Thumb Code    22  stm32g0xx_hal_cortex.o(.text.HAL_NVIC_EnableIRQ)
    HAL_NVIC_SetPriority                     0x08003d17   Thumb Code    28  stm32g0xx_hal_cortex.o(.text.HAL_NVIC_SetPriority)
    HAL_PWREx_ControlVoltageScaling          0x08003d35   Thumb Code   112  stm32g0xx_hal_pwr_ex.o(.text.HAL_PWREx_ControlVoltageScaling)
    HAL_RCCEx_PeriphCLKConfig                0x08003db1   Thumb Code   536  stm32g0xx_hal_rcc_ex.o(.text.HAL_RCCEx_PeriphCLKConfig)
    HAL_RCC_ClockConfig                      0x08003fd9   Thumb Code   572  stm32g0xx_hal_rcc.o(.text.HAL_RCC_ClockConfig)
    HAL_RCC_GetHCLKFreq                      0x0800422d   Thumb Code     8  stm32g0xx_hal_rcc.o(.text.HAL_RCC_GetHCLKFreq)
    HAL_RCC_GetPCLK1Freq                     0x08004239   Thumb Code    36  stm32g0xx_hal_rcc.o(.text.HAL_RCC_GetPCLK1Freq)
    HAL_RCC_GetSysClockFreq                  0x08004261   Thumb Code   268  stm32g0xx_hal_rcc.o(.text.HAL_RCC_GetSysClockFreq)
    HAL_RCC_OscConfig                        0x08004381   Thumb Code  1652  stm32g0xx_hal_rcc.o(.text.HAL_RCC_OscConfig)
    HAL_SYSTICK_Config                       0x08004a1d   Thumb Code    16  stm32g0xx_hal_cortex.o(.text.HAL_SYSTICK_Config)
    HAL_TIMEx_MasterConfigSynchronization    0x08004a2d   Thumb Code   212  stm32g0xx_hal_tim_ex.o(.text.HAL_TIMEx_MasterConfigSynchronization)
    HAL_TIM_Base_Init                        0x08004b01   Thumb Code   170  stm32g0xx_hal_tim.o(.text.HAL_TIM_Base_Init)
    HAL_TIM_Base_MspInit                     0x08004bad   Thumb Code    44  tim.o(.text.HAL_TIM_Base_MspInit)
    HAL_TIM_Base_Start                       0x08004bdd   Thumb Code   136  stm32g0xx_hal_tim.o(.text.HAL_TIM_Base_Start)
    HAL_TIM_ConfigClockSource                0x08004c71   Thumb Code   396  stm32g0xx_hal_tim.o(.text.HAL_TIM_ConfigClockSource)
    HAL_UARTEx_DisableFifoMode               0x08004e01   Thumb Code   122  stm32g0xx_hal_uart_ex.o(.text.HAL_UARTEx_DisableFifoMode)
    HAL_UARTEx_RxEventCallback               0x08004e7b   Thumb Code    12  stm32g0xx_hal_uart.o(.text.HAL_UARTEx_RxEventCallback)
    HAL_UARTEx_RxFifoFullCallback            0x08004e87   Thumb Code     8  stm32g0xx_hal_uart_ex.o(.text.HAL_UARTEx_RxFifoFullCallback)
    HAL_UARTEx_SetRxFifoThreshold            0x08004e8f   Thumb Code   144  stm32g0xx_hal_uart_ex.o(.text.HAL_UARTEx_SetRxFifoThreshold)
    HAL_UARTEx_SetTxFifoThreshold            0x08004f1f   Thumb Code   144  stm32g0xx_hal_uart_ex.o(.text.HAL_UARTEx_SetTxFifoThreshold)
    HAL_UARTEx_TxFifoEmptyCallback           0x08004faf   Thumb Code     8  stm32g0xx_hal_uart_ex.o(.text.HAL_UARTEx_TxFifoEmptyCallback)
    HAL_UARTEx_WakeupCallback                0x08004fb7   Thumb Code     8  stm32g0xx_hal_uart_ex.o(.text.HAL_UARTEx_WakeupCallback)
    HAL_UART_ErrorCallback                   0x08004fbf   Thumb Code     8  stm32g0xx_hal_uart.o(.text.HAL_UART_ErrorCallback)
    HAL_UART_IRQHandler                      0x08004fc9   Thumb Code  1412  stm32g0xx_hal_uart.o(.text.HAL_UART_IRQHandler)
    HAL_UART_Init                            0x08005555   Thumb Code   180  stm32g0xx_hal_uart.o(.text.HAL_UART_Init)
    HAL_UART_MspInit                         0x08005609   Thumb Code   172  usart.o(.text.HAL_UART_MspInit)
    HAL_UART_Transmit_IT                     0x080056c1   Thumb Code   352  stm32g0xx_hal_uart.o(.text.HAL_UART_Transmit_IT)
    HAL_UART_TxCpltCallback                  0x08005831   Thumb Code     8  stm32g0xx_hal_uart.o(.text.HAL_UART_TxCpltCallback)
    HardFault_Handler                        0x08005839   Thumb Code     4  stm32g0xx_it.o(.text.HardFault_Handler)
    MX_ADC1_Init                             0x08005a01   Thumb Code   128  adc.o(.text.MX_ADC1_Init)
    MX_GPIO_Init                             0x08005a89   Thumb Code   164  gpio.o(.text.MX_GPIO_Init)
    MX_TIM3_Init                             0x08005b39   Thumb Code   116  tim.o(.text.MX_TIM3_Init)
    MX_USART1_UART_Init                      0x08005bb9   Thumb Code   120  usart.o(.text.MX_USART1_UART_Init)
    NMI_Handler                              0x08005c39   Thumb Code     4  stm32g0xx_it.o(.text.NMI_Handler)
    PendSV_Handler                           0x08005c3d   Thumb Code     2  stm32g0xx_it.o(.text.PendSV_Handler)
    SVC_Handler                              0x08005c3f   Thumb Code     2  stm32g0xx_it.o(.text.SVC_Handler)
    SysTick_Handler                          0x08005c91   Thumb Code    12  stm32g0xx_it.o(.text.SysTick_Handler)
    SystemClock_Config                       0x08005c9d   Thumb Code   128  main.o(.text.SystemClock_Config)
    SystemInit                               0x08005d1d   Thumb Code     2  system_stm32g0xx.o(.text.SystemInit)
    TIM_Base_SetConfig                       0x08005d21   Thumb Code   212  stm32g0xx_hal_tim.o(.text.TIM_Base_SetConfig)
    TIM_ETR_SetConfig                        0x08005e09   Thumb Code    54  stm32g0xx_hal_tim.o(.text.TIM_ETR_SetConfig)
    UART_AdvFeatureConfig                    0x08005fa9   Thumb Code   346  stm32g0xx_hal_uart.o(.text.UART_AdvFeatureConfig)
    UART_CheckIdleState                      0x08006105   Thumb Code   168  stm32g0xx_hal_uart.o(.text.UART_CheckIdleState)
    UART_SetConfig                           0x080062d9   Thumb Code   688  stm32g0xx_hal_uart.o(.text.UART_SetConfig)
    UART_WaitOnFlagUntilTimeout              0x0800689d   Thumb Code   402  stm32g0xx_hal_uart.o(.text.UART_WaitOnFlagUntilTimeout)
    USART1_IRQHandler                        0x08006a31   Thumb Code    12  stm32g0xx_it.o(.text.USART1_IRQHandler)
    main                                     0x08006aed   Thumb Code   168  main.o(.text.main)
    select_digit                             0x08006bb1   Thumb Code   240  main.o(.text.select_digit)
    tsp_ln                                   0x08006da9   Thumb Code   216  main.o(.text.tsp_ln)
    write_segment                            0x08006e85   Thumb Code    44  main.o(.text.write_segment)
    __ARM_common_ll_muluu                    0x08006eb9   Thumb Code    48  btod.o(i.__ARM_common_ll_muluu)
    __ARM_fpclassify                         0x08006ee9   Thumb Code    40  fpclassify.o(i.__ARM_fpclassify)
    _is_digit                                0x08006f15   Thumb Code    14  __printf_wp.o(i._is_digit)
    roundf                                   0x08006f23   Thumb Code   116  roundf.o(i.roundf)
    _get_lc_numeric                          0x08006f99   Thumb Code    44  lc_numeric_c.o(locale$$code)
    _get_lc_ctype                            0x08006fc5   Thumb Code    44  lc_ctype_c.o(locale$$code)
    __aeabi_fadd                             0x08006ff1   Thumb Code     0  faddsub.o(x$fpl$fadd)
    _fadd                                    0x08006ff1   Thumb Code   134  faddsub.o(x$fpl$fadd)
    __aeabi_fmul                             0x0800707d   Thumb Code     0  fmul.o(x$fpl$fmul)
    _fmul                                    0x0800707d   Thumb Code   172  fmul.o(x$fpl$fmul)
    __aeabi_fsub                             0x0800712d   Thumb Code     0  faddsub.o(x$fpl$fsub)
    _fsub                                    0x0800712d   Thumb Code   204  faddsub.o(x$fpl$fsub)
    _printf_fp_dec                           0x080071fd   Thumb Code    16  printf1.o(x$fpl$printf1)
    _printf_fp_hex                           0x0800720d   Thumb Code    16  printf2.o(x$fpl$printf2)
    __I$use$fp                               0x0800721c   Number         0  usenofp.o(x$fpl$usenofp)
    AHBPrescTable                            0x080073d8   Data          64  system_stm32g0xx.o(.rodata.AHBPrescTable)
    APBPrescTable                            0x08007418   Data          32  system_stm32g0xx.o(.rodata.APBPrescTable)
    StuID                                    0x08007438   Data          20  main.o(.rodata.StuID)
    UARTPrescTable                           0x0800745c   Data          24  stm32g0xx_hal_uart.o(.rodata.UARTPrescTable)
    seg_table                                0x08007474   Data          16  main.o(.rodata.seg_table)
    Region$$Table$$Base                      0x08007498   Number         0  anon$$obj.o(Region$$Table)
    Region$$Table$$Limit                     0x080074b8   Number         0  anon$$obj.o(Region$$Table)
    __ctype                                  0x080074e1   Data           0  lc_ctype_c.o(locale$$data)
    SystemCoreClock                          0x20000000   Data           4  system_stm32g0xx.o(.data.SystemCoreClock)
    dig_array                                0x20000004   Data           4  main.o(.data.dig_array)
    uwTickFreq                               0x20000008   Data           1  stm32g0xx_hal.o(.data.uwTickFreq)
    uwTickPrio                               0x2000000c   Data           4  stm32g0xx_hal.o(.data.uwTickPrio)
    __libspace_start                         0x20000010   Data          96  libspace.o(.bss)
    __temporary_stack_top$libspace           0x20000070   Data           0  libspace.o(.bss)
    adc_convert_cplt                         0x20000070   Data           1  main.o(.bss.adc_convert_cplt)
    hadc1                                    0x20000074   Data         100  adc.o(.bss.hadc1)
    htim3                                    0x200000d8   Data          76  tim.o(.bss.htim3)
    huart1                                   0x20000124   Data         148  usart.o(.bss.huart1)
    stuid_cplt                               0x200001b8   Data           4  main.o(.bss.stuid_cplt)
    tc                                       0x200001bc   Data           4  main.o(.bss.tc)
    uwTick                                   0x200001c0   Data           4  stm32g0xx_hal.o(.bss.uwTick)



==============================================================================

Memory Map of the image

  Image Entry point : 0x080000c1

  Load Region LR_IROM1 (Base: 0x08000000, Size: 0x000075f8, Max: 0x00010000, ABSOLUTE)

    Execution Region ER_IROM1 (Exec base: 0x08000000, Load base: 0x08000000, Size: 0x000075e4, Max: 0x00010000, ABSOLUTE)

    Exec Addr    Load Addr    Size         Type   Attr      Idx    E Section Name        Object

    0x08000000   0x08000000   0x000000c0   Data   RO            3    RESET               startup_stm32g030xx.o
    0x080000c0   0x080000c0   0x00000008   Code   RO         1295  * !!!main             c_p.l(__main.o)
    0x080000c8   0x080000c8   0x00000054   Code   RO         1660    !!!scatter          c_p.l(__scatter.o)
    0x0800011c   0x0800011c   0x0000001a   Code   RO         1664    !!handler_copy      c_p.l(__scatter_copy.o)
    0x08000136   0x08000136   0x00000002   PAD
    0x08000138   0x08000138   0x00000002   Code   RO         1661    !!handler_null      c_p.l(__scatter.o)
    0x0800013a   0x0800013a   0x00000002   PAD
    0x0800013c   0x0800013c   0x0000001c   Code   RO         1666    !!handler_zi        c_p.l(__scatter_zi.o)
    0x08000158   0x08000158   0x00000002   Code   RO         1413    .ARM.Collect$$_printf_percent$$00000000  c_p.l(_printf_percent.o)
    0x0800015a   0x0800015a   0x0000000a   Code   RO         1402    .ARM.Collect$$_printf_percent$$00000001  c_p.l(_printf_n.o)
    0x08000164   0x08000164   0x0000000a   Code   RO         1404    .ARM.Collect$$_printf_percent$$00000002  c_p.l(_printf_p.o)
    0x0800016e   0x0800016e   0x0000000a   Code   RO         1409    .ARM.Collect$$_printf_percent$$00000003  c_p.l(_printf_f.o)
    0x08000178   0x08000178   0x0000000a   Code   RO         1410    .ARM.Collect$$_printf_percent$$00000004  c_p.l(_printf_e.o)
    0x08000182   0x08000182   0x0000000a   Code   RO         1411    .ARM.Collect$$_printf_percent$$00000005  c_p.l(_printf_g.o)
    0x0800018c   0x0800018c   0x0000000a   Code   RO         1412    .ARM.Collect$$_printf_percent$$00000006  c_p.l(_printf_a.o)
    0x08000196   0x08000196   0x0000000a   Code   RO         1417    .ARM.Collect$$_printf_percent$$00000007  c_p.l(_printf_ll.o)
    0x080001a0   0x080001a0   0x0000000a   Code   RO         1406    .ARM.Collect$$_printf_percent$$00000008  c_p.l(_printf_i.o)
    0x080001aa   0x080001aa   0x0000000a   Code   RO         1407    .ARM.Collect$$_printf_percent$$00000009  c_p.l(_printf_d.o)
    0x080001b4   0x080001b4   0x0000000a   Code   RO         1408    .ARM.Collect$$_printf_percent$$0000000A  c_p.l(_printf_u.o)
    0x080001be   0x080001be   0x0000000a   Code   RO         1405    .ARM.Collect$$_printf_percent$$0000000B  c_p.l(_printf_o.o)
    0x080001c8   0x080001c8   0x0000000a   Code   RO         1403    .ARM.Collect$$_printf_percent$$0000000C  c_p.l(_printf_x.o)
    0x080001d2   0x080001d2   0x0000000a   Code   RO         1414    .ARM.Collect$$_printf_percent$$0000000D  c_p.l(_printf_lli.o)
    0x080001dc   0x080001dc   0x0000000a   Code   RO         1415    .ARM.Collect$$_printf_percent$$0000000E  c_p.l(_printf_lld.o)
    0x080001e6   0x080001e6   0x0000000a   Code   RO         1416    .ARM.Collect$$_printf_percent$$0000000F  c_p.l(_printf_llu.o)
    0x080001f0   0x080001f0   0x0000000a   Code   RO         1421    .ARM.Collect$$_printf_percent$$00000010  c_p.l(_printf_llo.o)
    0x080001fa   0x080001fa   0x0000000a   Code   RO         1422    .ARM.Collect$$_printf_percent$$00000011  c_p.l(_printf_llx.o)
    0x08000204   0x08000204   0x0000000a   Code   RO         1418    .ARM.Collect$$_printf_percent$$00000012  c_p.l(_printf_l.o)
    0x0800020e   0x0800020e   0x0000000a   Code   RO         1400    .ARM.Collect$$_printf_percent$$00000013  c_p.l(_printf_c.o)
    0x08000218   0x08000218   0x0000000a   Code   RO         1401    .ARM.Collect$$_printf_percent$$00000014  c_p.l(_printf_s.o)
    0x08000222   0x08000222   0x0000000a   Code   RO         1419    .ARM.Collect$$_printf_percent$$00000015  c_p.l(_printf_lc.o)
    0x0800022c   0x0800022c   0x0000000a   Code   RO         1420    .ARM.Collect$$_printf_percent$$00000016  c_p.l(_printf_ls.o)
    0x08000236   0x08000236   0x00000004   Code   RO         1468    .ARM.Collect$$_printf_percent$$00000017  c_p.l(_printf_percent_end.o)
    0x0800023a   0x0800023a   0x00000002   Code   RO         1508    .ARM.Collect$$libinit$$00000000  c_p.l(libinit.o)
    0x0800023c   0x0800023c   0x00000000   Code   RO         1533    .ARM.Collect$$libinit$$00000002  c_p.l(libinit2.o)
    0x0800023c   0x0800023c   0x00000000   Code   RO         1535    .ARM.Collect$$libinit$$00000004  c_p.l(libinit2.o)
    0x0800023c   0x0800023c   0x00000000   Code   RO         1537    .ARM.Collect$$libinit$$00000006  c_p.l(libinit2.o)
    0x0800023c   0x0800023c   0x00000000   Code   RO         1540    .ARM.Collect$$libinit$$0000000C  c_p.l(libinit2.o)
    0x0800023c   0x0800023c   0x00000000   Code   RO         1542    .ARM.Collect$$libinit$$0000000E  c_p.l(libinit2.o)
    0x0800023c   0x0800023c   0x00000000   Code   RO         1544    .ARM.Collect$$libinit$$00000010  c_p.l(libinit2.o)
    0x0800023c   0x0800023c   0x00000006   Code   RO         1545    .ARM.Collect$$libinit$$00000011  c_p.l(libinit2.o)
    0x08000242   0x08000242   0x00000000   Code   RO         1547    .ARM.Collect$$libinit$$00000013  c_p.l(libinit2.o)
    0x08000242   0x08000242   0x0000000c   Code   RO         1548    .ARM.Collect$$libinit$$00000014  c_p.l(libinit2.o)
    0x0800024e   0x0800024e   0x00000000   Code   RO         1549    .ARM.Collect$$libinit$$00000015  c_p.l(libinit2.o)
    0x0800024e   0x0800024e   0x00000000   Code   RO         1551    .ARM.Collect$$libinit$$00000017  c_p.l(libinit2.o)
    0x0800024e   0x0800024e   0x0000000a   Code   RO         1552    .ARM.Collect$$libinit$$00000018  c_p.l(libinit2.o)
    0x08000258   0x08000258   0x00000000   Code   RO         1553    .ARM.Collect$$libinit$$00000019  c_p.l(libinit2.o)
    0x08000258   0x08000258   0x00000000   Code   RO         1555    .ARM.Collect$$libinit$$0000001B  c_p.l(libinit2.o)
    0x08000258   0x08000258   0x00000000   Code   RO         1557    .ARM.Collect$$libinit$$0000001D  c_p.l(libinit2.o)
    0x08000258   0x08000258   0x00000000   Code   RO         1559    .ARM.Collect$$libinit$$0000001F  c_p.l(libinit2.o)
    0x08000258   0x08000258   0x00000000   Code   RO         1561    .ARM.Collect$$libinit$$00000021  c_p.l(libinit2.o)
    0x08000258   0x08000258   0x00000000   Code   RO         1563    .ARM.Collect$$libinit$$00000023  c_p.l(libinit2.o)
    0x08000258   0x08000258   0x00000000   Code   RO         1565    .ARM.Collect$$libinit$$00000025  c_p.l(libinit2.o)
    0x08000258   0x08000258   0x00000000   Code   RO         1567    .ARM.Collect$$libinit$$00000027  c_p.l(libinit2.o)
    0x08000258   0x08000258   0x00000000   Code   RO         1571    .ARM.Collect$$libinit$$0000002E  c_p.l(libinit2.o)
    0x08000258   0x08000258   0x00000000   Code   RO         1573    .ARM.Collect$$libinit$$00000030  c_p.l(libinit2.o)
    0x08000258   0x08000258   0x00000000   Code   RO         1575    .ARM.Collect$$libinit$$00000032  c_p.l(libinit2.o)
    0x08000258   0x08000258   0x00000000   Code   RO         1577    .ARM.Collect$$libinit$$00000034  c_p.l(libinit2.o)
    0x08000258   0x08000258   0x00000002   Code   RO         1578    .ARM.Collect$$libinit$$00000035  c_p.l(libinit2.o)
    0x0800025a   0x0800025a   0x00000002   Code   RO         1615    .ARM.Collect$$libshutdown$$00000000  c_p.l(libshutdown.o)
    0x0800025c   0x0800025c   0x00000000   Code   RO         1643    .ARM.Collect$$libshutdown$$00000002  c_p.l(libshutdown2.o)
    0x0800025c   0x0800025c   0x00000000   Code   RO         1645    .ARM.Collect$$libshutdown$$00000004  c_p.l(libshutdown2.o)
    0x0800025c   0x0800025c   0x00000000   Code   RO         1648    .ARM.Collect$$libshutdown$$00000007  c_p.l(libshutdown2.o)
    0x0800025c   0x0800025c   0x00000000   Code   RO         1651    .ARM.Collect$$libshutdown$$0000000A  c_p.l(libshutdown2.o)
    0x0800025c   0x0800025c   0x00000000   Code   RO         1653    .ARM.Collect$$libshutdown$$0000000C  c_p.l(libshutdown2.o)
    0x0800025c   0x0800025c   0x00000000   Code   RO         1656    .ARM.Collect$$libshutdown$$0000000F  c_p.l(libshutdown2.o)
    0x0800025c   0x0800025c   0x00000002   Code   RO         1657    .ARM.Collect$$libshutdown$$00000010  c_p.l(libshutdown2.o)
    0x0800025e   0x0800025e   0x00000000   Code   RO         1327    .ARM.Collect$$rtentry$$00000000  c_p.l(__rtentry.o)
    0x0800025e   0x0800025e   0x00000000   Code   RO         1435    .ARM.Collect$$rtentry$$00000002  c_p.l(__rtentry2.o)
    0x0800025e   0x0800025e   0x00000006   Code   RO         1447    .ARM.Collect$$rtentry$$00000004  c_p.l(__rtentry4.o)
    0x08000264   0x08000264   0x00000000   Code   RO         1437    .ARM.Collect$$rtentry$$00000009  c_p.l(__rtentry2.o)
    0x08000264   0x08000264   0x00000004   Code   RO         1438    .ARM.Collect$$rtentry$$0000000A  c_p.l(__rtentry2.o)
    0x08000268   0x08000268   0x00000000   Code   RO         1440    .ARM.Collect$$rtentry$$0000000C  c_p.l(__rtentry2.o)
    0x08000268   0x08000268   0x00000008   Code   RO         1441    .ARM.Collect$$rtentry$$0000000D  c_p.l(__rtentry2.o)
    0x08000270   0x08000270   0x00000002   Code   RO         1517    .ARM.Collect$$rtexit$$00000000  c_p.l(rtexit.o)
    0x08000272   0x08000272   0x00000000   Code   RO         1584    .ARM.Collect$$rtexit$$00000002  c_p.l(rtexit2.o)
    0x08000272   0x08000272   0x00000004   Code   RO         1585    .ARM.Collect$$rtexit$$00000003  c_p.l(rtexit2.o)
    0x08000276   0x08000276   0x00000006   Code   RO         1586    .ARM.Collect$$rtexit$$00000004  c_p.l(rtexit2.o)
    0x0800027c   0x0800027c   0x00000038   Code   RO            4    .text               startup_stm32g030xx.o
    0x080002b4   0x080002b4   0x0000002c   Code   RO         1285    .text               c_p.l(sprintf.o)
    0x080002e0   0x080002e0   0x00000040   Code   RO         1287    .text               c_p.l(rt_memclr.o)
    0x08000320   0x08000320   0x0000016c   Code   RO         1289    .text               c_p.l(aeabi_sdiv.o)
    0x0800048c   0x0800048c   0x00000006   Code   RO         1293    .text               c_p.l(heapauxi.o)
    0x08000492   0x08000492   0x00000002   PAD
    0x08000494   0x08000494   0x0000007c   Code   RO         1297    .text               fz_ps.l(d2f.o)
    0x08000510   0x08000510   0x00000358   Code   RO         1299    .text               fz_ps.l(daddsub.o)
    0x08000868   0x08000868   0x00000448   Code   RO         1301    .text               fz_ps.l(ddiv.o)
    0x08000cb0   0x08000cb0   0x00000058   Code   RO         1304    .text               fz_ps.l(dflti.o)
    0x08000d08   0x08000d08   0x00000248   Code   RO         1306    .text               fz_ps.l(dmul.o)
    0x08000f50   0x08000f50   0x00000054   Code   RO         1308    .text               fz_ps.l(f2d.o)
    0x08000fa4   0x08000fa4   0x00000160   Code   RO         1316    .text               fz_ps.l(fdiv.o)
    0x08001104   0x08001104   0x00000030   Code   RO         1319    .text               fz_ps.l(ffixui.o)
    0x08001134   0x08001134   0x0000005e   Code   RO         1321    .text               fz_ps.l(fflti.o)
    0x08001192   0x08001192   0x0000004e   Code   RO         1334    .text               c_p.l(_printf_pad.o)
    0x080011e0   0x080011e0   0x00000024   Code   RO         1336    .text               c_p.l(_printf_truncate.o)
    0x08001204   0x08001204   0x00000052   Code   RO         1338    .text               c_p.l(_printf_str.o)
    0x08001256   0x08001256   0x00000002   PAD
    0x08001258   0x08001258   0x0000006c   Code   RO         1340    .text               c_p.l(_printf_dec.o)
    0x080012c4   0x080012c4   0x00000026   Code   RO         1342    .text               c_p.l(_printf_charcount.o)
    0x080012ea   0x080012ea   0x00000002   PAD
    0x080012ec   0x080012ec   0x00000030   Code   RO         1344    .text               c_p.l(_printf_char_common.o)
    0x0800131c   0x0800131c   0x0000000a   Code   RO         1346    .text               c_p.l(_sputc.o)
    0x08001326   0x08001326   0x00000002   PAD
    0x08001328   0x08001328   0x000000bc   Code   RO         1348    .text               c_p.l(_printf_wctomb.o)
    0x080013e4   0x080013e4   0x00000070   Code   RO         1351    .text               c_p.l(_printf_longlong_dec.o)
    0x08001454   0x08001454   0x00000070   Code   RO         1357    .text               c_p.l(_printf_oct_int_ll.o)
    0x080014c4   0x080014c4   0x00000098   Code   RO         1377    .text               c_p.l(_printf_hex_int_ll_ptr.o)
    0x0800155c   0x0800155c   0x00000188   Code   RO         1397    .text               c_p.l(__printf_flags_ss_wp.o)
    0x080016e4   0x080016e4   0x00000080   Code   RO         1423    .text               fz_ps.l(frnd.o)
    0x08001764   0x08001764   0x0000007a   Code   RO         1451    .text               c_p.l(lludiv10.o)
    0x080017de   0x080017de   0x000000b0   Code   RO         1453    .text               c_p.l(_printf_intcommon.o)
    0x0800188e   0x0800188e   0x00000002   PAD
    0x08001890   0x08001890   0x00000414   Code   RO         1455    .text               c_p.l(_printf_fp_dec.o)
    0x08001ca4   0x08001ca4   0x000002d8   Code   RO         1459    .text               c_p.l(_printf_fp_hex.o)
    0x08001f7c   0x08001f7c   0x0000002e   Code   RO         1464    .text               c_p.l(_printf_char.o)
    0x08001faa   0x08001faa   0x0000002e   Code   RO         1466    .text               c_p.l(_printf_wchar.o)
    0x08001fd8   0x08001fd8   0x00000042   Code   RO         1469    .text               c_p.l(_c16rtomb.o)
    0x0800201a   0x0800201a   0x00000028   Code   RO         1471    .text               c_p.l(rtudiv10.o)
    0x08002042   0x08002042   0x0000003e   Code   RO         1473    .text               c_p.l(sys_stackheap_outer.o)
    0x08002080   0x08002080   0x00000010   Code   RO         1476    .text               c_p.l(rt_ctype_table.o)
    0x08002090   0x08002090   0x00000008   Code   RO         1481    .text               c_p.l(rt_locale_intlibspace.o)
    0x08002098   0x08002098   0x00000088   Code   RO         1483    .text               c_p.l(_printf_fp_infnan.o)
    0x08002120   0x08002120   0x000000d8   Code   RO         1485    .text               c_p.l(bigflt0.o)
    0x080021f8   0x080021f8   0x00000580   Code   RO         1488    .text               c_p.l(btod.o)
    0x08002778   0x08002778   0x00000010   Code   RO         1497    .text               c_p.l(exit.o)
    0x08002788   0x08002788   0x00000008   Code   RO         1513    .text               c_p.l(libspace.o)
    0x08002790   0x08002790   0x00000088   Code   RO         1530    .text               c_p.l(strcmp.o)
    0x08002818   0x08002818   0x0000000c   Code   RO         1579    .text               c_p.l(sys_exit.o)
    0x08002824   0x08002824   0x00000002   Code   RO         1604    .text               c_p.l(use_no_semi.o)
    0x08002826   0x08002826   0x00000000   Code   RO         1606    .text               c_p.l(indicate_semi.o)
    0x08002826   0x08002826   0x00000002   PAD
    0x08002828   0x08002828   0x00000010   Code   RO          111    .text.ADC1_IRQHandler  stm32g0xx_it.o
    0x08002838   0x08002838   0x00000110   Code   RO          158    .text.ADC_Enable    stm32g0xx_hal_adc.o
    0x08002948   0x08002948   0x000000dc   Code   RO           13    .text.DisplayCallback  main.o
    0x08002a24   0x08002a24   0x000000a4   Code   RO           19    .text.DisplayDigitFLOAT  main.o
    0x08002ac8   0x08002ac8   0x0000000e   Code   RO           29    .text.Error_Handler  main.o
    0x08002ad6   0x08002ad6   0x00000008   Code   RO          283    .text.HAL_ADCEx_ChannelConfigReadyCallback  stm32g0xx_hal_adc_ex.o
    0x08002ade   0x08002ade   0x00000008   Code   RO          281    .text.HAL_ADCEx_EndOfSamplingCallback  stm32g0xx_hal_adc_ex.o
    0x08002ae6   0x08002ae6   0x00000008   Code   RO          277    .text.HAL_ADCEx_LevelOutOfWindow2Callback  stm32g0xx_hal_adc_ex.o
    0x08002aee   0x08002aee   0x00000008   Code   RO          279    .text.HAL_ADCEx_LevelOutOfWindow3Callback  stm32g0xx_hal_adc_ex.o
    0x08002af6   0x08002af6   0x00000002   PAD
    0x08002af8   0x08002af8   0x0000047c   Code   RO          200    .text.HAL_ADC_ConfigChannel  stm32g0xx_hal_adc.o
    0x08002f74   0x08002f74   0x00000074   Code   RO           21    .text.HAL_ADC_ConvCpltCallback  main.o
    0x08002fe8   0x08002fe8   0x00000008   Code   RO          196    .text.HAL_ADC_ErrorCallback  stm32g0xx_hal_adc.o
    0x08002ff0   0x08002ff0   0x0000000c   Code   RO          238    .text.HAL_ADC_GetState  stm32g0xx_hal_adc.o
    0x08002ffc   0x08002ffc   0x0000000e   Code   RO          186    .text.HAL_ADC_GetValue  stm32g0xx_hal_adc.o
    0x0800300a   0x0800300a   0x00000262   Code   RO          188    .text.HAL_ADC_IRQHandler  stm32g0xx_hal_adc.o
    0x0800326c   0x0800326c   0x00000358   Code   RO          130    .text.HAL_ADC_Init  stm32g0xx_hal_adc.o
    0x080035c4   0x080035c4   0x00000008   Code   RO          192    .text.HAL_ADC_LevelOutOfWindowCallback  stm32g0xx_hal_adc.o
    0x080035cc   0x080035cc   0x000000b4   Code   RO           61    .text.HAL_ADC_MspInit  adc.o
    0x08003680   0x08003680   0x000000f8   Code   RO          170    .text.HAL_ADC_Start_IT  stm32g0xx_hal_adc.o
    0x08003778   0x08003778   0x000000c0   Code   RO          466    .text.HAL_DMA_Abort  stm32g0xx_hal_dma.o
    0x08003838   0x08003838   0x000000bc   Code   RO          468    .text.HAL_DMA_Abort_IT  stm32g0xx_hal_dma.o
    0x080038f4   0x080038f4   0x000002d0   Code   RO          427    .text.HAL_GPIO_Init  stm32g0xx_hal_gpio.o
    0x08003bc4   0x08003bc4   0x0000002c   Code   RO          433    .text.HAL_GPIO_WritePin  stm32g0xx_hal_gpio.o
    0x08003bf0   0x08003bf0   0x00000008   Code   RO          644    .text.HAL_GetTick   stm32g0xx_hal.o
    0x08003bf8   0x08003bf8   0x00000014   Code   RO          642    .text.HAL_IncTick   stm32g0xx_hal.o
    0x08003c0c   0x08003c0c   0x0000003c   Code   RO          632    .text.HAL_Init      stm32g0xx_hal.o
    0x08003c48   0x08003c48   0x00000080   Code   RO          634    .text.HAL_InitTick  stm32g0xx_hal.o
    0x08003cc8   0x08003cc8   0x00000038   Code   RO          122    .text.HAL_MspInit   stm32g0xx_hal_msp.o
    0x08003d00   0x08003d00   0x00000016   Code   RO          581    .text.HAL_NVIC_EnableIRQ  stm32g0xx_hal_cortex.o
    0x08003d16   0x08003d16   0x0000001c   Code   RO          577    .text.HAL_NVIC_SetPriority  stm32g0xx_hal_cortex.o
    0x08003d32   0x08003d32   0x00000002   PAD
    0x08003d34   0x08003d34   0x0000007c   Code   RO          564    .text.HAL_PWREx_ControlVoltageScaling  stm32g0xx_hal_pwr_ex.o
    0x08003db0   0x08003db0   0x00000228   Code   RO          338    .text.HAL_RCCEx_PeriphCLKConfig  stm32g0xx_hal_rcc_ex.o
    0x08003fd8   0x08003fd8   0x00000254   Code   RO          301    .text.HAL_RCC_ClockConfig  stm32g0xx_hal_rcc.o
    0x0800422c   0x0800422c   0x0000000c   Code   RO          307    .text.HAL_RCC_GetHCLKFreq  stm32g0xx_hal_rcc.o
    0x08004238   0x08004238   0x00000028   Code   RO          309    .text.HAL_RCC_GetPCLK1Freq  stm32g0xx_hal_rcc.o
    0x08004260   0x08004260   0x00000120   Code   RO          303    .text.HAL_RCC_GetSysClockFreq  stm32g0xx_hal_rcc.o
    0x08004380   0x08004380   0x0000069c   Code   RO          299    .text.HAL_RCC_OscConfig  stm32g0xx_hal_rcc.o
    0x08004a1c   0x08004a1c   0x00000010   Code   RO          593    .text.HAL_SYSTICK_Config  stm32g0xx_hal_cortex.o
    0x08004a2c   0x08004a2c   0x000000d4   Code   RO         1042    .text.HAL_TIMEx_MasterConfigSynchronization  stm32g0xx_hal_tim_ex.o
    0x08004b00   0x08004b00   0x000000aa   Code   RO          725    .text.HAL_TIM_Base_Init  stm32g0xx_hal_tim.o
    0x08004baa   0x08004baa   0x00000002   PAD
    0x08004bac   0x08004bac   0x00000030   Code   RO           75    .text.HAL_TIM_Base_MspInit  tim.o
    0x08004bdc   0x08004bdc   0x00000094   Code   RO          735    .text.HAL_TIM_Base_Start  stm32g0xx_hal_tim.o
    0x08004c70   0x08004c70   0x00000190   Code   RO          921    .text.HAL_TIM_ConfigClockSource  stm32g0xx_hal_tim.o
    0x08004e00   0x08004e00   0x0000007a   Code   RO         1247    .text.HAL_UARTEx_DisableFifoMode  stm32g0xx_hal_uart_ex.o
    0x08004e7a   0x08004e7a   0x0000000c   Code   RO         1171    .text.HAL_UARTEx_RxEventCallback  stm32g0xx_hal_uart.o
    0x08004e86   0x08004e86   0x00000008   Code   RO         1229    .text.HAL_UARTEx_RxFifoFullCallback  stm32g0xx_hal_uart_ex.o
    0x08004e8e   0x08004e8e   0x00000090   Code   RO         1251    .text.HAL_UARTEx_SetRxFifoThreshold  stm32g0xx_hal_uart_ex.o
    0x08004f1e   0x08004f1e   0x00000090   Code   RO         1249    .text.HAL_UARTEx_SetTxFifoThreshold  stm32g0xx_hal_uart_ex.o
    0x08004fae   0x08004fae   0x00000008   Code   RO         1231    .text.HAL_UARTEx_TxFifoEmptyCallback  stm32g0xx_hal_uart_ex.o
    0x08004fb6   0x08004fb6   0x00000008   Code   RO         1227    .text.HAL_UARTEx_WakeupCallback  stm32g0xx_hal_uart_ex.o
    0x08004fbe   0x08004fbe   0x00000008   Code   RO         1169    .text.HAL_UART_ErrorCallback  stm32g0xx_hal_uart.o
    0x08004fc6   0x08004fc6   0x00000002   PAD
    0x08004fc8   0x08004fc8   0x0000058c   Code   RO         1165    .text.HAL_UART_IRQHandler  stm32g0xx_hal_uart.o
    0x08005554   0x08005554   0x000000b4   Code   RO         1077    .text.HAL_UART_Init  stm32g0xx_hal_uart.o
    0x08005608   0x08005608   0x000000b8   Code   RO           89    .text.HAL_UART_MspInit  usart.o
    0x080056c0   0x080056c0   0x00000170   Code   RO         1103    .text.HAL_UART_Transmit_IT  stm32g0xx_hal_uart.o
    0x08005830   0x08005830   0x00000008   Code   RO         1175    .text.HAL_UART_TxCpltCallback  stm32g0xx_hal_uart.o
    0x08005838   0x08005838   0x00000004   Code   RO          103    .text.HardFault_Handler  stm32g0xx_it.o
    0x0800583c   0x0800583c   0x00000018   Code   RO          246    .text.LL_ADC_Enable  stm32g0xx_hal_adc.o
    0x08005854   0x08005854   0x0000001c   Code   RO          136    .text.LL_ADC_EnableInternalRegulator  stm32g0xx_hal_adc.o
    0x08005870   0x08005870   0x00000012   Code   RO          208    .text.LL_ADC_GetCommonPathInternalCh  stm32g0xx_hal_adc.o
    0x08005882   0x08005882   0x0000001c   Code   RO          144    .text.LL_ADC_GetSamplingTimeCommonChannels  stm32g0xx_hal_adc.o
    0x0800589e   0x0800589e   0x00000010   Code   RO          140    .text.LL_ADC_IsEnabled  stm32g0xx_hal_adc.o
    0x080058ae   0x080058ae   0x00000014   Code   RO          134    .text.LL_ADC_IsInternalRegulatorEnabled  stm32g0xx_hal_adc.o
    0x080058c2   0x080058c2   0x00000010   Code   RO          194    .text.LL_ADC_REG_GetDMATransfer  stm32g0xx_hal_adc.o
    0x080058d2   0x080058d2   0x00000012   Code   RO          138    .text.LL_ADC_REG_IsConversionOngoing  stm32g0xx_hal_adc.o
    0x080058e4   0x080058e4   0x00000016   Code   RO          166    .text.LL_ADC_REG_IsTriggerSourceSWStart  stm32g0xx_hal_adc.o
    0x080058fa   0x080058fa   0x00000002   PAD
    0x080058fc   0x080058fc   0x0000001c   Code   RO          202    .text.LL_ADC_REG_SetSequencerChAdd  stm32g0xx_hal_adc.o
    0x08005918   0x08005918   0x00000020   Code   RO          212    .text.LL_ADC_REG_SetSequencerChRem  stm32g0xx_hal_adc.o
    0x08005938   0x08005938   0x0000002e   Code   RO          204    .text.LL_ADC_REG_SetSequencerRanks  stm32g0xx_hal_adc.o
    0x08005966   0x08005966   0x00000002   PAD
    0x08005968   0x08005968   0x0000001c   Code   RO          160    .text.LL_ADC_REG_StartConversion  stm32g0xx_hal_adc.o
    0x08005984   0x08005984   0x00000028   Code   RO          206    .text.LL_ADC_SetChannelSamplingTime  stm32g0xx_hal_adc.o
    0x080059ac   0x080059ac   0x0000001c   Code   RO          210    .text.LL_ADC_SetCommonPathInternalCh  stm32g0xx_hal_adc.o
    0x080059c8   0x080059c8   0x00000026   Code   RO          142    .text.LL_ADC_SetSamplingTimeCommonChannels  stm32g0xx_hal_adc.o
    0x080059ee   0x080059ee   0x00000002   PAD
    0x080059f0   0x080059f0   0x00000010   Code   RO          311    .text.LL_RCC_GetAPB1Prescaler  stm32g0xx_hal_rcc.o
    0x08005a00   0x08005a00   0x00000088   Code   RO           59    .text.MX_ADC1_Init  adc.o
    0x08005a88   0x08005a88   0x000000b0   Code   RO           51    .text.MX_GPIO_Init  gpio.o
    0x08005b38   0x08005b38   0x00000080   Code   RO           73    .text.MX_TIM3_Init  tim.o
    0x08005bb8   0x08005bb8   0x00000080   Code   RO           87    .text.MX_USART1_UART_Init  usart.o
    0x08005c38   0x08005c38   0x00000004   Code   RO          101    .text.NMI_Handler   stm32g0xx_it.o
    0x08005c3c   0x08005c3c   0x00000002   Code   RO          107    .text.PendSV_Handler  stm32g0xx_it.o
    0x08005c3e   0x08005c3e   0x00000002   Code   RO          105    .text.SVC_Handler   stm32g0xx_it.o
    0x08005c40   0x08005c40   0x00000050   Code   RO          595    .text.SysTick_Config  stm32g0xx_hal_cortex.o
    0x08005c90   0x08005c90   0x0000000c   Code   RO          109    .text.SysTick_Handler  stm32g0xx_it.o
    0x08005c9c   0x08005c9c   0x00000080   Code   RO           27    .text.SystemClock_Config  main.o
    0x08005d1c   0x08005d1c   0x00000002   Code   RO         1270    .text.SystemInit    system_stm32g0xx.o
    0x08005d1e   0x08005d1e   0x00000002   PAD
    0x08005d20   0x08005d20   0x000000e8   Code   RO          729    .text.TIM_Base_SetConfig  stm32g0xx_hal_tim.o
    0x08005e08   0x08005e08   0x00000036   Code   RO          919    .text.TIM_ETR_SetConfig  stm32g0xx_hal_tim.o
    0x08005e3e   0x08005e3e   0x00000002   PAD
    0x08005e40   0x08005e40   0x00000030   Code   RO          925    .text.TIM_ITRx_SetConfig  stm32g0xx_hal_tim.o
    0x08005e70   0x08005e70   0x00000050   Code   RO          923    .text.TIM_TI1_ConfigInputStage  stm32g0xx_hal_tim.o
    0x08005ec0   0x08005ec0   0x00000054   Code   RO          927    .text.TIM_TI2_ConfigInputStage  stm32g0xx_hal_tim.o
    0x08005f14   0x08005f14   0x00000094   Code   RO         1245    .text.UARTEx_SetNbDataToProcess  stm32g0xx_hal_uart_ex.o
    0x08005fa8   0x08005fa8   0x0000015a   Code   RO         1083    .text.UART_AdvFeatureConfig  stm32g0xx_hal_uart.o
    0x08006102   0x08006102   0x00000002   PAD
    0x08006104   0x08006104   0x000000ac   Code   RO         1085    .text.UART_CheckIdleState  stm32g0xx_hal_uart.o
    0x080061b0   0x080061b0   0x00000024   Code   RO         1167    .text.UART_DMAAbortOnError  stm32g0xx_hal_uart.o
    0x080061d4   0x080061d4   0x000000b8   Code   RO         1137    .text.UART_EndRxTransfer  stm32g0xx_hal_uart.o
    0x0800628c   0x0800628c   0x0000004c   Code   RO         1173    .text.UART_EndTransmit_IT  stm32g0xx_hal_uart.o
    0x080062d8   0x080062d8   0x000002cc   Code   RO         1081    .text.UART_SetConfig  stm32g0xx_hal_uart.o
    0x080065a4   0x080065a4   0x000000a8   Code   RO         1109    .text.UART_TxISR_16BIT  stm32g0xx_hal_uart.o
    0x0800664c   0x0800664c   0x000000e0   Code   RO         1105    .text.UART_TxISR_16BIT_FIFOEN  stm32g0xx_hal_uart.o
    0x0800672c   0x0800672c   0x0000009e   Code   RO         1111    .text.UART_TxISR_8BIT  stm32g0xx_hal_uart.o
    0x080067ca   0x080067ca   0x000000d2   Code   RO         1107    .text.UART_TxISR_8BIT_FIFOEN  stm32g0xx_hal_uart.o
    0x0800689c   0x0800689c   0x00000192   Code   RO         1099    .text.UART_WaitOnFlagUntilTimeout  stm32g0xx_hal_uart.o
    0x08006a2e   0x08006a2e   0x00000002   PAD
    0x08006a30   0x08006a30   0x0000000c   Code   RO          113    .text.USART1_IRQHandler  stm32g0xx_it.o
    0x08006a3c   0x08006a3c   0x0000002c   Code   RO          583    .text.__NVIC_EnableIRQ  stm32g0xx_hal_cortex.o
    0x08006a68   0x08006a68   0x00000084   Code   RO          579    .text.__NVIC_SetPriority  stm32g0xx_hal_cortex.o
    0x08006aec   0x08006aec   0x000000c4   Code   RO           25    .text.main          main.o
    0x08006bb0   0x08006bb0   0x000000f4   Code   RO           15    .text.select_digit  main.o
    0x08006ca4   0x08006ca4   0x00000104   Code   RO           23    .text.tsp_ResistanceToTemperature  main.o
    0x08006da8   0x08006da8   0x000000dc   Code   RO           11    .text.tsp_ln        main.o
    0x08006e84   0x08006e84   0x00000034   Code   RO           17    .text.write_segment  main.o
    0x08006eb8   0x08006eb8   0x00000030   Code   RO         1490    i.__ARM_common_ll_muluu  c_p.l(btod.o)
    0x08006ee8   0x08006ee8   0x0000002c   Code   RO         1511    i.__ARM_fpclassify  m_ps.l(fpclassify.o)
    0x08006f14   0x08006f14   0x0000000e   Code   RO         1390    i._is_digit         c_p.l(__printf_wp.o)
    0x08006f22   0x08006f22   0x00000074   Code   RO         1325    i.roundf            m_ps.l(roundf.o)
    0x08006f96   0x08006f96   0x00000002   PAD
    0x08006f98   0x08006f98   0x0000002c   Code   RO         1495    locale$$code        c_p.l(lc_numeric_c.o)
    0x08006fc4   0x08006fc4   0x0000002c   Code   RO         1524    locale$$code        c_p.l(lc_ctype_c.o)
    0x08006ff0   0x08006ff0   0x0000008c   Code   RO         1310    x$fpl$fadd          fz_ps.l(faddsub.o)
    0x0800707c   0x0800707c   0x000000b0   Code   RO         1323    x$fpl$fmul          fz_ps.l(fmul.o)
    0x0800712c   0x0800712c   0x000000d0   Code   RO         1312    x$fpl$fsub          fz_ps.l(faddsub.o)
    0x080071fc   0x080071fc   0x00000010   Code   RO         1425    x$fpl$printf1       fz_ps.l(printf1.o)
    0x0800720c   0x0800720c   0x00000010   Code   RO         1427    x$fpl$printf2       fz_ps.l(printf2.o)
    0x0800721c   0x0800721c   0x00000000   Code   RO         1433    x$fpl$usenofp       fz_ps.l(usenofp.o)
    0x0800721c   0x0800721c   0x00000080   Data   RO         1302    .constdata          fz_ps.l(ddiv.o)
    0x0800729c   0x0800729c   0x00000040   Data   RO         1317    .constdata          fz_ps.l(fdiv.o)
    0x080072dc   0x080072dc   0x00000008   Data   RO         1349    .constdata          c_p.l(_printf_wctomb.o)
    0x080072e4   0x080072e4   0x00000028   Data   RO         1378    .constdata          c_p.l(_printf_hex_int_ll_ptr.o)
    0x0800730c   0x0800730c   0x00000011   Data   RO         1398    .constdata          c_p.l(__printf_flags_ss_wp.o)
    0x0800731d   0x0800731d   0x00000026   Data   RO         1460    .constdata          c_p.l(_printf_fp_hex.o)
    0x08007343   0x08007343   0x00000001   PAD
    0x08007344   0x08007344   0x00000094   Data   RO         1486    .constdata          c_p.l(bigflt0.o)
    0x080073d8   0x080073d8   0x00000040   Data   RO         1275    .rodata.AHBPrescTable  system_stm32g0xx.o
    0x08007418   0x08007418   0x00000020   Data   RO         1276    .rodata.APBPrescTable  system_stm32g0xx.o
    0x08007438   0x08007438   0x00000014   Data   RO           34    .rodata.StuID       main.o
    0x0800744c   0x0800744c   0x00000008   Data   RO         1262    .rodata.UARTEx_SetNbDataToProcess.denominator  stm32g0xx_hal_uart_ex.o
    0x08007454   0x08007454   0x00000008   Data   RO         1261    .rodata.UARTEx_SetNbDataToProcess.numerator  stm32g0xx_hal_uart_ex.o
    0x0800745c   0x0800745c   0x00000018   Data   RO         1217    .rodata.UARTPrescTable  stm32g0xx_hal_uart.o
    0x08007474   0x08007474   0x00000010   Data   RO           33    .rodata.seg_table   main.o
    0x08007484   0x08007484   0x00000013   Data   RO           37    .rodata.str1.1      main.o
    0x08007497   0x08007497   0x00000001   PAD
    0x08007498   0x08007498   0x00000020   Data   RO         1659    Region$$Table       anon$$obj.o
    0x080074b8   0x080074b8   0x0000001c   Data   RO         1494    locale$$data        c_p.l(lc_numeric_c.o)
    0x080074d4   0x080074d4   0x00000110   Data   RO         1523    locale$$data        c_p.l(lc_ctype_c.o)


    Execution Region RW_IRAM1 (Exec base: 0x20000000, Load base: 0x080075e8, Size: 0x000007c8, Max: 0x00002000, ABSOLUTE)

    Exec Addr    Load Addr    Size         Type   Attr      Idx    E Section Name        Object

    0x20000000   0x080075e8   0x00000004   Data   RW         1274    .data.SystemCoreClock  system_stm32g0xx.o
    0x20000004   0x080075ec   0x00000004   Data   RW           32    .data.dig_array     main.o
    0x20000008   0x080075f0   0x00000001   Data   RW          691    .data.uwTickFreq    stm32g0xx_hal.o
    0x20000009   0x080075f1   0x00000003   PAD
    0x2000000c   0x080075f4   0x00000004   Data   RW          690    .data.uwTickPrio    stm32g0xx_hal.o
    0x20000010        -       0x00000060   Zero   RW         1514    .bss                c_p.l(libspace.o)
    0x20000070        -       0x00000001   Zero   RW           36    .bss.adc_convert_cplt  main.o
    0x20000071   0x080075f8   0x00000003   PAD
    0x20000074        -       0x00000064   Zero   RW           65    .bss.hadc1          adc.o
    0x200000d8        -       0x0000004c   Zero   RW           79    .bss.htim3          tim.o
    0x20000124        -       0x00000094   Zero   RW           93    .bss.huart1         usart.o
    0x200001b8        -       0x00000004   Zero   RW           31    .bss.stuid_cplt     main.o
    0x200001bc        -       0x00000004   Zero   RW           35    .bss.tc             main.o
    0x200001c0        -       0x00000004   Zero   RW          692    .bss.uwTick         stm32g0xx_hal.o
    0x200001c4   0x080075f8   0x00000004   PAD
    0x200001c8        -       0x00000200   Zero   RW            2    HEAP                startup_stm32g030xx.o
    0x200003c8        -       0x00000400   Zero   RW            1    STACK               startup_stm32g030xx.o


==============================================================================

Image component sizes


      Code (inc. data)   RO Data    RW Data    ZI Data      Debug   Object Name

       316         20          0          0        100       6220   adc.o
       176         12          0          0          0       1968   gpio.o
      1614        136         55          4          9       7673   main.o
        56         26        192          0       1536        608   startup_stm32g030xx.o
       216         16          0          5          4       6425   stm32g0xx_hal.o
      3606         92          0          0          0      17225   stm32g0xx_hal_adc.o
        32          0          0          0          0       6720   stm32g0xx_hal_adc_ex.o
       322         24          0          0          0       6070   stm32g0xx_hal_cortex.o
       380          4          0          0          0       7306   stm32g0xx_hal_dma.o
       764         32          0          0          0       4365   stm32g0xx_hal_gpio.o
        56          4          0          0          0       1261   stm32g0xx_hal_msp.o
       124         12          0          0          0       3943   stm32g0xx_hal_pwr_ex.o
      2644        124          0          0          0       8836   stm32g0xx_hal_rcc.o
       552         16          0          0          0       5356   stm32g0xx_hal_rcc_ex.o
      1216         40          0          0          0      38546   stm32g0xx_hal_tim.o
       212          0          0          0          0      18358   stm32g0xx_hal_tim_ex.o
      4688        164         24          0          0      40480   stm32g0xx_hal_uart.o
       582          8         16          0          0       9763   stm32g0xx_hal_uart_ex.o
        52          4          0          0          0        875   stm32g0xx_it.o
         2          0         96          4          0       1853   system_stm32g0xx.o
       176         16          0          0         76       5379   tim.o
       312         20          0          0        148       6278   usart.o

    ----------------------------------------------------------------------
     18120        770        416         16       1880     205508   Object Totals
         0          0         32          0          0          0   (incl. Generated)
        22          0          1          3          7          0   (incl. Padding)

    ----------------------------------------------------------------------

      Code (inc. data)   RO Data    RW Data    ZI Data      Debug   Library Member Name

         8          0          0          0          0         68   __main.o
       392          6         17          0          0         76   __printf_flags_ss_wp.o
        14          0          0          0          0         60   __printf_wp.o
         0          0          0          0          0          0   __rtentry.o
        12          0          0          0          0          0   __rtentry2.o
         6          0          0          0          0          0   __rtentry4.o
        86         10          0          0          0          0   __scatter.o
        26          0          0          0          0          0   __scatter_copy.o
        28          0          0          0          0          0   __scatter_zi.o
        66          0          0          0          0         76   _c16rtomb.o
        10          0          0          0          0          0   _printf_a.o
        10          0          0          0          0          0   _printf_c.o
        46          0          0          0          0        100   _printf_char.o
        48          6          0          0          0         88   _printf_char_common.o
        38          0          0          0          0         60   _printf_charcount.o
        10          0          0          0          0          0   _printf_d.o
       108         18          0          0          0         76   _printf_dec.o
        10          0          0          0          0          0   _printf_e.o
        10          0          0          0          0          0   _printf_f.o
      1044         12          0          0          0        116   _printf_fp_dec.o
       728         10         38          0          0         84   _printf_fp_hex.o
       136         16          0          0          0         76   _printf_fp_infnan.o
        10          0          0          0          0          0   _printf_g.o
       152          4         40          0          0        148   _printf_hex_int_ll_ptr.o
        10          0          0          0          0          0   _printf_i.o
       176          0          0          0          0         84   _printf_intcommon.o
        10          0          0          0          0          0   _printf_l.o
        10          0          0          0          0          0   _printf_lc.o
        10          0          0          0          0          0   _printf_ll.o
        10          0          0          0          0          0   _printf_lld.o
        10          0          0          0          0          0   _printf_lli.o
        10          0          0          0          0          0   _printf_llo.o
        10          0          0          0          0          0   _printf_llu.o
        10          0          0          0          0          0   _printf_llx.o
       112         18          0          0          0         76   _printf_longlong_dec.o
        10          0          0          0          0          0   _printf_ls.o
        10          0          0          0          0          0   _printf_n.o
        10          0          0          0          0          0   _printf_o.o
       112         10          0          0          0        112   _printf_oct_int_ll.o
        10          0          0          0          0          0   _printf_p.o
        78          0          0          0          0        100   _printf_pad.o
         2          0          0          0          0          0   _printf_percent.o
         4          0          0          0          0          0   _printf_percent_end.o
        10          0          0          0          0          0   _printf_s.o
        82          0          0          0          0         72   _printf_str.o
        36          0          0          0          0         76   _printf_truncate.o
        10          0          0          0          0          0   _printf_u.o
        46          0          0          0          0        100   _printf_wchar.o
       188          6          8          0          0         80   _printf_wctomb.o
        10          0          0          0          0          0   _printf_x.o
        10          0          0          0          0         60   _sputc.o
       364          4          0          0          0         92   aeabi_sdiv.o
       216          6        148          0          0         80   bigflt0.o
      1456         30          0          0          0        336   btod.o
        16          0          0          0          0         68   exit.o
         6          0          0          0          0        136   heapauxi.o
         0          0          0          0          0          0   indicate_semi.o
        44         10        272          0          0         76   lc_ctype_c.o
        44         10         28          0          0         76   lc_numeric_c.o
         2          0          0          0          0          0   libinit.o
        30          0          0          0          0          0   libinit2.o
         2          0          0          0          0          0   libshutdown.o
         2          0          0          0          0          0   libshutdown2.o
         8          4          0          0         96         68   libspace.o
       122          0          0          0          0         72   lludiv10.o
        16          4          0          0          0         76   rt_ctype_table.o
         8          4          0          0          0         68   rt_locale_intlibspace.o
        64          0          0          0          0        108   rt_memclr.o
         2          0          0          0          0          0   rtexit.o
        10          0          0          0          0          0   rtexit2.o
        40          0          0          0          0         60   rtudiv10.o
        44          4          0          0          0         84   sprintf.o
       136          4          0          0          0         72   strcmp.o
        12          4          0          0          0         60   sys_exit.o
        62          0          0          0          0         80   sys_stackheap_outer.o
         2          0          0          0          0         68   use_no_semi.o
       124          4          0          0          0         72   d2f.o
       856         20          0          0          0        208   daddsub.o
      1096         26        128          0          0        112   ddiv.o
        88          0          0          0          0         92   dflti.o
       584         26          0          0          0         84   dmul.o
        84          4          0          0          0         60   f2d.o
       348          8          0          0          0        160   faddsub.o
       352         10         64          0          0         92   fdiv.o
        48          0          0          0          0         60   ffixui.o
        94          0          0          0          0         92   fflti.o
       176          4          0          0          0         80   fmul.o
       128          6          0          0          0         68   frnd.o
        16          4          0          0          0         76   printf1.o
        16          4          0          0          0         76   printf2.o
         0          0          0          0          0          0   usenofp.o
        44          4          0          0          0         60   fpclassify.o
       116          0          0          0          0         72   roundf.o

    ----------------------------------------------------------------------
     10900        320        744          0         96       4932   Library Totals
        18          0          1          0          0          0   (incl. Padding)

    ----------------------------------------------------------------------

      Code (inc. data)   RO Data    RW Data    ZI Data      Debug   Library Name

      6712        200        551          0         96       3468   c_p.l
      4010        116        192          0          0       1332   fz_ps.l
       160          4          0          0          0        132   m_ps.l

    ----------------------------------------------------------------------
     10900        320        744          0         96       4932   Library Totals

    ----------------------------------------------------------------------

==============================================================================


      Code (inc. data)   RO Data    RW Data    ZI Data      Debug   

     29020       1090       1160         16       1976     207736   Grand Totals
     29020       1090       1160         16       1976     207736   ELF Image Totals
     29020       1090       1160         16          0          0   ROM Totals

==============================================================================

    Total RO  Size (Code + RO Data)                30180 (  29.47kB)
    Total RW  Size (RW Data + ZI Data)              1992 (   1.95kB)
    Total ROM Size (Code + RO Data + RW Data)      30196 (  29.49kB)

==============================================================================

